Archive member included to satisfy reference by file (symbol)

.\CortexM3\ARM_GCC_541\Debug\Lab04_Game.a(Refresh_Timer.o)
                              .\CortexM3\ARM_GCC_541\Debug\main.o (Refresh_Timer_Start)
.\CortexM3\ARM_GCC_541\Debug\Lab04_Game.a(REFRESH_ISR.o)
                              .\CortexM3\ARM_GCC_541\Debug\main.o (REFRESH_ISR_Start)
.\CortexM3\ARM_GCC_541\Debug\Lab04_Game.a(PWM.o)
                              .\CortexM3\ARM_GCC_541\Debug\Lab04_Game.a(REFRESH_ISR.o) (PWM_Stop)
.\CortexM3\ARM_GCC_541\Debug\Lab04_Game.a(LCD.o)
                              .\CortexM3\ARM_GCC_541\Debug\Lab04_Game.a(REFRESH_ISR.o) (LCD_PrintString)
.\CortexM3\ARM_GCC_541\Debug\Lab04_Game.a(LCD_CustChars.o)
                              .\CortexM3\ARM_GCC_541\Debug\main.o (LCD_LoadCustomFonts)
.\CortexM3\ARM_GCC_541\Debug\Lab04_Game.a(CONTROL_ISR.o)
                              .\CortexM3\ARM_GCC_541\Debug\main.o (CONTROL_ISR_Start)
.\CortexM3\ARM_GCC_541\Debug\Lab04_Game.a(CyLib.o)
                              .\CortexM3\ARM_GCC_541\Debug\Cm3Start.o (CyHalt)
.\CortexM3\ARM_GCC_541\Debug\Lab04_Game.a(cyPm.o)
                              .\CortexM3\ARM_GCC_541\Debug\Lab04_Game.a(CyLib.o) (CyPmReadStatus)
.\CortexM3\ARM_GCC_541\Debug\Lab04_Game.a(PRS.o)
                              .\CortexM3\ARM_GCC_541\Debug\Lab04_Game.a(REFRESH_ISR.o) (PRS_Read)
.\CortexM3\ARM_GCC_541\Debug\Lab04_Game.a(CyBootAsmGnu.o)
                              .\CortexM3\ARM_GCC_541\Debug\cyfitter_cfg.o (CyDelayCycles)
.\CortexM3\ARM_GCC_541\Debug\Lab04_Game.a(Control.o)
                              .\CortexM3\ARM_GCC_541\Debug\Lab04_Game.a(CONTROL_ISR.o) (Control_Read)
.\CortexM3\ARM_GCC_541\Debug\Lab04_Game.a(CyFlash.o)
                              .\CortexM3\ARM_GCC_541\Debug\Lab04_Game.a(cyPm.o) (CyFlash_SetWaitCycles)
.\CortexM3\ARM_GCC_541\Debug\Lab04_Game.a(CySpc.o)
                              .\CortexM3\ARM_GCC_541\Debug\Lab04_Game.a(CyFlash.o) (CySpcStart)
c:/program files (x86)/cypress/psoc creator/4.3/psoc creator/import/gnu/arm/5.4.1/bin/../lib/gcc/arm-none-eabi/5.4.1/armv7-m\libgcc.a(_arm_addsubdf3.o)
                              .\CortexM3\ARM_GCC_541\Debug\Lab04_Game.a(REFRESH_ISR.o) (__aeabi_i2d)
c:/program files (x86)/cypress/psoc creator/4.3/psoc creator/import/gnu/arm/5.4.1/bin/../lib/gcc/arm-none-eabi/5.4.1/armv7-m\libgcc.a(_arm_muldivdf3.o)
                              .\CortexM3\ARM_GCC_541\Debug\Lab04_Game.a(REFRESH_ISR.o) (__aeabi_dmul)
c:/program files (x86)/cypress/psoc creator/4.3/psoc creator/import/gnu/arm/5.4.1/bin/../lib/gcc/arm-none-eabi/5.4.1/armv7-m\libgcc.a(_arm_fixunsdfsi.o)
                              .\CortexM3\ARM_GCC_541\Debug\Lab04_Game.a(REFRESH_ISR.o) (__aeabi_d2uiz)
c:/program files (x86)/cypress/psoc creator/4.3/psoc creator/import/gnu/arm/5.4.1/bin/../lib/gcc/arm-none-eabi/5.4.1/../../../../arm-none-eabi/lib/armv7-m\libg_nano.a(lib_a-errno.o)
                              .\CortexM3\ARM_GCC_541\Debug\Cm3Start.o (__errno)
c:/program files (x86)/cypress/psoc creator/4.3/psoc creator/import/gnu/arm/5.4.1/bin/../lib/gcc/arm-none-eabi/5.4.1/../../../../arm-none-eabi/lib/armv7-m\libg_nano.a(lib_a-exit.o)
                              c:/program files (x86)/cypress/psoc creator/4.3/psoc creator/import/gnu/arm/5.4.1/bin/../lib/gcc/arm-none-eabi/5.4.1/../../../../arm-none-eabi/lib/armv7-m/crt0.o (exit)
c:/program files (x86)/cypress/psoc creator/4.3/psoc creator/import/gnu/arm/5.4.1/bin/../lib/gcc/arm-none-eabi/5.4.1/../../../../arm-none-eabi/lib/armv7-m\libg_nano.a(lib_a-impure.o)
                              c:/program files (x86)/cypress/psoc creator/4.3/psoc creator/import/gnu/arm/5.4.1/bin/../lib/gcc/arm-none-eabi/5.4.1/../../../../arm-none-eabi/lib/armv7-m\libg_nano.a(lib_a-exit.o) (_global_impure_ptr)
c:/program files (x86)/cypress/psoc creator/4.3/psoc creator/import/gnu/arm/5.4.1/bin/../lib/gcc/arm-none-eabi/5.4.1/../../../../arm-none-eabi/lib/armv7-m\libg_nano.a(lib_a-init.o)
                              c:/program files (x86)/cypress/psoc creator/4.3/psoc creator/import/gnu/arm/5.4.1/bin/../lib/gcc/arm-none-eabi/5.4.1/../../../../arm-none-eabi/lib/armv7-m/crt0.o (__libc_init_array)
c:/program files (x86)/cypress/psoc creator/4.3/psoc creator/import/gnu/arm/5.4.1/bin/../lib/gcc/arm-none-eabi/5.4.1/../../../../arm-none-eabi/lib/armv7-m\libg_nano.a(lib_a-memcpy-stub.o)
                              .\CortexM3\ARM_GCC_541\Debug\cyfitter_cfg.o (memcpy)
c:/program files (x86)/cypress/psoc creator/4.3/psoc creator/import/gnu/arm/5.4.1/bin/../lib/gcc/arm-none-eabi/5.4.1/../../../../arm-none-eabi/lib/armv7-m\libg_nano.a(lib_a-memset.o)
                              c:/program files (x86)/cypress/psoc creator/4.3/psoc creator/import/gnu/arm/5.4.1/bin/../lib/gcc/arm-none-eabi/5.4.1/../../../../arm-none-eabi/lib/armv7-m/crt0.o (memset)

Allocating common symbols
Common symbol       size              file

random              0x4               .\CortexM3\ARM_GCC_541\Debug\Lab04_Game.a(REFRESH_ISR.o)
period              0x4               .\CortexM3\ARM_GCC_541\Debug\Lab04_Game.a(REFRESH_ISR.o)
dieTemperature      0x2               .\CortexM3\ARM_GCC_541\Debug\Lab04_Game.a(CyFlash.o)

Discarded input sections

 .text          0x00000000        0x0 c:/program files (x86)/cypress/psoc creator/4.3/psoc creator/import/gnu/arm/5.4.1/bin/../lib/gcc/arm-none-eabi/5.4.1/armv7-m/crti.o
 .data          0x00000000        0x0 c:/program files (x86)/cypress/psoc creator/4.3/psoc creator/import/gnu/arm/5.4.1/bin/../lib/gcc/arm-none-eabi/5.4.1/armv7-m/crti.o
 .bss           0x00000000        0x0 c:/program files (x86)/cypress/psoc creator/4.3/psoc creator/import/gnu/arm/5.4.1/bin/../lib/gcc/arm-none-eabi/5.4.1/armv7-m/crti.o
 .data          0x00000000        0x4 c:/program files (x86)/cypress/psoc creator/4.3/psoc creator/import/gnu/arm/5.4.1/bin/../lib/gcc/arm-none-eabi/5.4.1/armv7-m/crtbegin.o
 .text          0x00000000       0x74 c:/program files (x86)/cypress/psoc creator/4.3/psoc creator/import/gnu/arm/5.4.1/bin/../lib/gcc/arm-none-eabi/5.4.1/../../../../arm-none-eabi/lib/armv7-m/crt0.o
 .data          0x00000000        0x0 c:/program files (x86)/cypress/psoc creator/4.3/psoc creator/import/gnu/arm/5.4.1/bin/../lib/gcc/arm-none-eabi/5.4.1/../../../../arm-none-eabi/lib/armv7-m/crt0.o
 .bss           0x00000000        0x0 c:/program files (x86)/cypress/psoc creator/4.3/psoc creator/import/gnu/arm/5.4.1/bin/../lib/gcc/arm-none-eabi/5.4.1/../../../../arm-none-eabi/lib/armv7-m/crt0.o
 .ARM.extab     0x00000000        0x0 c:/program files (x86)/cypress/psoc creator/4.3/psoc creator/import/gnu/arm/5.4.1/bin/../lib/gcc/arm-none-eabi/5.4.1/../../../../arm-none-eabi/lib/armv7-m/crt0.o
 .ARM.exidx     0x00000000        0x8 c:/program files (x86)/cypress/psoc creator/4.3/psoc creator/import/gnu/arm/5.4.1/bin/../lib/gcc/arm-none-eabi/5.4.1/../../../../arm-none-eabi/lib/armv7-m/crt0.o
 .text          0x00000000        0x0 .\CortexM3\ARM_GCC_541\Debug\main.o
 .data          0x00000000        0x0 .\CortexM3\ARM_GCC_541\Debug\main.o
 .bss           0x00000000        0x0 .\CortexM3\ARM_GCC_541\Debug\main.o
 .text          0x00000000        0x0 .\CortexM3\ARM_GCC_541\Debug\cyfitter_cfg.o
 .data          0x00000000        0x0 .\CortexM3\ARM_GCC_541\Debug\cyfitter_cfg.o
 .bss           0x00000000        0x0 .\CortexM3\ARM_GCC_541\Debug\cyfitter_cfg.o
 .text.SetAnalogRoutingPumps
                0x00000000       0x10 .\CortexM3\ARM_GCC_541\Debug\cyfitter_cfg.o
 .text          0x00000000        0x0 .\CortexM3\ARM_GCC_541\Debug\cymetadata.o
 .data          0x00000000        0x0 .\CortexM3\ARM_GCC_541\Debug\cymetadata.o
 .bss           0x00000000        0x0 .\CortexM3\ARM_GCC_541\Debug\cymetadata.o
 .text          0x00000000        0x0 .\CortexM3\ARM_GCC_541\Debug\Cm3Start.o
 .data          0x00000000        0x4 .\CortexM3\ARM_GCC_541\Debug\Cm3Start.o
 .bss           0x00000000        0x0 .\CortexM3\ARM_GCC_541\Debug\Cm3Start.o
 .text._exit    0x00000000        0xc .\CortexM3\ARM_GCC_541\Debug\Cm3Start.o
 .text._sbrk    0x00000000       0x30 .\CortexM3\ARM_GCC_541\Debug\Cm3Start.o
 .text          0x00000000        0x0 .\CortexM3\ARM_GCC_541\Debug\Lab04_Game.a(Refresh_Timer.o)
 .data          0x00000000        0x0 .\CortexM3\ARM_GCC_541\Debug\Lab04_Game.a(Refresh_Timer.o)
 .text.Refresh_Timer_Stop
                0x00000000       0x28 .\CortexM3\ARM_GCC_541\Debug\Lab04_Game.a(Refresh_Timer.o)
 .text.Refresh_Timer_SoftwareCapture
                0x00000000        0xc .\CortexM3\ARM_GCC_541\Debug\Lab04_Game.a(Refresh_Timer.o)
 .text.Refresh_Timer_ReadControlRegister
                0x00000000        0xc .\CortexM3\ARM_GCC_541\Debug\Lab04_Game.a(Refresh_Timer.o)
 .text.Refresh_Timer_WriteControlRegister
                0x00000000        0xc .\CortexM3\ARM_GCC_541\Debug\Lab04_Game.a(Refresh_Timer.o)
 .text.Refresh_Timer_ReadCapture
                0x00000000        0xc .\CortexM3\ARM_GCC_541\Debug\Lab04_Game.a(Refresh_Timer.o)
 .text.Refresh_Timer_ReadCounter
                0x00000000       0x14 .\CortexM3\ARM_GCC_541\Debug\Lab04_Game.a(Refresh_Timer.o)
 .text          0x00000000        0x0 .\CortexM3\ARM_GCC_541\Debug\Lab04_Game.a(REFRESH_ISR.o)
 .text.REFRESH_ISR_GetVector
                0x00000000       0x10 .\CortexM3\ARM_GCC_541\Debug\Lab04_Game.a(REFRESH_ISR.o)
 .text.REFRESH_ISR_GetPriority
                0x00000000        0xc .\CortexM3\ARM_GCC_541\Debug\Lab04_Game.a(REFRESH_ISR.o)
 .text.REFRESH_ISR_GetState
                0x00000000       0x18 .\CortexM3\ARM_GCC_541\Debug\Lab04_Game.a(REFRESH_ISR.o)
 .text.REFRESH_ISR_StartEx
                0x00000000       0x1c .\CortexM3\ARM_GCC_541\Debug\Lab04_Game.a(REFRESH_ISR.o)
 .text.REFRESH_ISR_Stop
                0x00000000       0x14 .\CortexM3\ARM_GCC_541\Debug\Lab04_Game.a(REFRESH_ISR.o)
 .text.REFRESH_ISR_SetPending
                0x00000000       0x10 .\CortexM3\ARM_GCC_541\Debug\Lab04_Game.a(REFRESH_ISR.o)
 .text.REFRESH_ISR_ClearPending
                0x00000000       0x10 .\CortexM3\ARM_GCC_541\Debug\Lab04_Game.a(REFRESH_ISR.o)
 .text          0x00000000        0x0 .\CortexM3\ARM_GCC_541\Debug\Lab04_Game.a(PWM.o)
 .data          0x00000000        0x0 .\CortexM3\ARM_GCC_541\Debug\Lab04_Game.a(PWM.o)
 .text.PWM_ReadStatusRegister
                0x00000000        0xc .\CortexM3\ARM_GCC_541\Debug\Lab04_Game.a(PWM.o)
 .text.PWM_ReadControlRegister
                0x00000000        0xc .\CortexM3\ARM_GCC_541\Debug\Lab04_Game.a(PWM.o)
 .text.PWM_WriteControlRegister
                0x00000000        0xc .\CortexM3\ARM_GCC_541\Debug\Lab04_Game.a(PWM.o)
 .text.PWM_ReadCompare
                0x00000000        0xc .\CortexM3\ARM_GCC_541\Debug\Lab04_Game.a(PWM.o)
 .text.PWM_ReadPeriod
                0x00000000        0xc .\CortexM3\ARM_GCC_541\Debug\Lab04_Game.a(PWM.o)
 .text          0x00000000        0x0 .\CortexM3\ARM_GCC_541\Debug\Lab04_Game.a(LCD.o)
 .data          0x00000000        0x0 .\CortexM3\ARM_GCC_541\Debug\Lab04_Game.a(LCD.o)
 .text.LCD_Stop
                0x00000000       0x14 .\CortexM3\ARM_GCC_541\Debug\Lab04_Game.a(LCD.o)
 .text.LCD_PrintInt8
                0x00000000       0x20 .\CortexM3\ARM_GCC_541\Debug\Lab04_Game.a(LCD.o)
 .text.LCD_PrintInt16
                0x00000000       0x14 .\CortexM3\ARM_GCC_541\Debug\Lab04_Game.a(LCD.o)
 .text.LCD_PrintInt32
                0x00000000       0x1c .\CortexM3\ARM_GCC_541\Debug\Lab04_Game.a(LCD.o)
 .rodata        0x00000000       0x10 .\CortexM3\ARM_GCC_541\Debug\Lab04_Game.a(LCD.o)
 .text          0x00000000        0x0 .\CortexM3\ARM_GCC_541\Debug\Lab04_Game.a(LCD_CustChars.o)
 .data          0x00000000        0x0 .\CortexM3\ARM_GCC_541\Debug\Lab04_Game.a(LCD_CustChars.o)
 .bss           0x00000000        0x0 .\CortexM3\ARM_GCC_541\Debug\Lab04_Game.a(LCD_CustChars.o)
 .text          0x00000000        0x0 .\CortexM3\ARM_GCC_541\Debug\Lab04_Game.a(CONTROL_ISR.o)
 .data          0x00000000        0x0 .\CortexM3\ARM_GCC_541\Debug\Lab04_Game.a(CONTROL_ISR.o)
 .bss           0x00000000        0x0 .\CortexM3\ARM_GCC_541\Debug\Lab04_Game.a(CONTROL_ISR.o)
 .text.CONTROL_ISR_GetVector
                0x00000000        0xc .\CortexM3\ARM_GCC_541\Debug\Lab04_Game.a(CONTROL_ISR.o)
 .text.CONTROL_ISR_GetPriority
                0x00000000        0xc .\CortexM3\ARM_GCC_541\Debug\Lab04_Game.a(CONTROL_ISR.o)
 .text.CONTROL_ISR_GetState
                0x00000000       0x18 .\CortexM3\ARM_GCC_541\Debug\Lab04_Game.a(CONTROL_ISR.o)
 .text.CONTROL_ISR_StartEx
                0x00000000       0x1c .\CortexM3\ARM_GCC_541\Debug\Lab04_Game.a(CONTROL_ISR.o)
 .text.CONTROL_ISR_Stop
                0x00000000       0x14 .\CortexM3\ARM_GCC_541\Debug\Lab04_Game.a(CONTROL_ISR.o)
 .text.CONTROL_ISR_SetPending
                0x00000000        0xc .\CortexM3\ARM_GCC_541\Debug\Lab04_Game.a(CONTROL_ISR.o)
 .text.CONTROL_ISR_ClearPending
                0x00000000        0xc .\CortexM3\ARM_GCC_541\Debug\Lab04_Game.a(CONTROL_ISR.o)
 .text          0x00000000        0x0 .\CortexM3\ARM_GCC_541\Debug\Lab04_Game.a(CyLib.o)
 .bss           0x00000000       0x1c .\CortexM3\ARM_GCC_541\Debug\Lab04_Game.a(CyLib.o)
 .text.CyUSB_PowerOnCheck
                0x00000000       0x48 .\CortexM3\ARM_GCC_541\Debug\Lab04_Game.a(CyLib.o)
 .text.CyBusClk_Internal_SetDivider
                0x00000000       0x48 .\CortexM3\ARM_GCC_541\Debug\Lab04_Game.a(CyLib.o)
 .text.CyPLL_OUT_Stop
                0x00000000       0x10 .\CortexM3\ARM_GCC_541\Debug\Lab04_Game.a(CyLib.o)
 .text.CyIMO_Stop
                0x00000000       0x1c .\CortexM3\ARM_GCC_541\Debug\Lab04_Game.a(CyLib.o)
 .text.CyIMO_EnableDoubler
                0x00000000       0x10 .\CortexM3\ARM_GCC_541\Debug\Lab04_Game.a(CyLib.o)
 .text.CyIMO_DisableDoubler
                0x00000000       0x10 .\CortexM3\ARM_GCC_541\Debug\Lab04_Game.a(CyLib.o)
 .text.CyMasterClk_SetSource
                0x00000000       0x18 .\CortexM3\ARM_GCC_541\Debug\Lab04_Game.a(CyLib.o)
 .text.CyMasterClk_SetDivider
                0x00000000        0xc .\CortexM3\ARM_GCC_541\Debug\Lab04_Game.a(CyLib.o)
 .text.CyBusClk_SetDivider
                0x00000000       0x70 .\CortexM3\ARM_GCC_541\Debug\Lab04_Game.a(CyLib.o)
 .text.CyUsbClk_SetSource
                0x00000000       0x18 .\CortexM3\ARM_GCC_541\Debug\Lab04_Game.a(CyLib.o)
 .text.CyILO_Start1K
                0x00000000       0x10 .\CortexM3\ARM_GCC_541\Debug\Lab04_Game.a(CyLib.o)
 .text.CyILO_Stop1K
                0x00000000       0x10 .\CortexM3\ARM_GCC_541\Debug\Lab04_Game.a(CyLib.o)
 .text.CyILO_Start100K
                0x00000000       0x10 .\CortexM3\ARM_GCC_541\Debug\Lab04_Game.a(CyLib.o)
 .text.CyILO_Stop100K
                0x00000000       0x10 .\CortexM3\ARM_GCC_541\Debug\Lab04_Game.a(CyLib.o)
 .text.CyPLL_OUT_Start
                0x00000000       0x78 .\CortexM3\ARM_GCC_541\Debug\Lab04_Game.a(CyLib.o)
 .text.CyIMO_Start
                0x00000000       0x60 .\CortexM3\ARM_GCC_541\Debug\Lab04_Game.a(CyLib.o)
 .text.CyILO_Enable33K
                0x00000000       0x10 .\CortexM3\ARM_GCC_541\Debug\Lab04_Game.a(CyLib.o)
 .text.CyILO_Disable33K
                0x00000000       0x10 .\CortexM3\ARM_GCC_541\Debug\Lab04_Game.a(CyLib.o)
 .text.CyILO_SetSource
                0x00000000       0x18 .\CortexM3\ARM_GCC_541\Debug\Lab04_Game.a(CyLib.o)
 .text.CyILO_SetPowerMode
                0x00000000       0x24 .\CortexM3\ARM_GCC_541\Debug\Lab04_Game.a(CyLib.o)
 .text.CyXTAL_32KHZ_Stop
                0x00000000       0x30 .\CortexM3\ARM_GCC_541\Debug\Lab04_Game.a(CyLib.o)
 .text.CyXTAL_32KHZ_ReadStatus
                0x00000000       0x10 .\CortexM3\ARM_GCC_541\Debug\Lab04_Game.a(CyLib.o)
 .text.CyXTAL_Start
                0x00000000       0xac .\CortexM3\ARM_GCC_541\Debug\Lab04_Game.a(CyLib.o)
 .text.CyXTAL_Stop
                0x00000000       0x10 .\CortexM3\ARM_GCC_541\Debug\Lab04_Game.a(CyLib.o)
 .text.CyXTAL_EnableErrStatus
                0x00000000       0x10 .\CortexM3\ARM_GCC_541\Debug\Lab04_Game.a(CyLib.o)
 .text.CyXTAL_DisableErrStatus
                0x00000000       0x10 .\CortexM3\ARM_GCC_541\Debug\Lab04_Game.a(CyLib.o)
 .text.CyXTAL_ReadStatus
                0x00000000       0x18 .\CortexM3\ARM_GCC_541\Debug\Lab04_Game.a(CyLib.o)
 .text.CyXTAL_EnableFaultRecovery
                0x00000000       0x10 .\CortexM3\ARM_GCC_541\Debug\Lab04_Game.a(CyLib.o)
 .text.CyXTAL_DisableFaultRecovery
                0x00000000       0x10 .\CortexM3\ARM_GCC_541\Debug\Lab04_Game.a(CyLib.o)
 .text.CyXTAL_SetStartup
                0x00000000       0x18 .\CortexM3\ARM_GCC_541\Debug\Lab04_Game.a(CyLib.o)
 .text.CyXTAL_SetFbVoltage
                0x00000000       0x18 .\CortexM3\ARM_GCC_541\Debug\Lab04_Game.a(CyLib.o)
 .text.CyXTAL_SetWdVoltage
                0x00000000       0x18 .\CortexM3\ARM_GCC_541\Debug\Lab04_Game.a(CyLib.o)
 .text.CyHalt   0x00000000        0x4 .\CortexM3\ARM_GCC_541\Debug\Lab04_Game.a(CyLib.o)
 .text.CyPLL_OUT_SetPQ
                0x00000000       0x60 .\CortexM3\ARM_GCC_541\Debug\Lab04_Game.a(CyLib.o)
 .text.CyPLL_OUT_SetSource
                0x00000000       0x34 .\CortexM3\ARM_GCC_541\Debug\Lab04_Game.a(CyLib.o)
 .text.CyIMO_SetTrimValue
                0x00000000       0xcc .\CortexM3\ARM_GCC_541\Debug\Lab04_Game.a(CyLib.o)
 .text.CyIMO_SetFreq
                0x00000000       0xf4 .\CortexM3\ARM_GCC_541\Debug\Lab04_Game.a(CyLib.o)
 .text.CyIMO_SetSource
                0x00000000       0x58 .\CortexM3\ARM_GCC_541\Debug\Lab04_Game.a(CyLib.o)
 .text.CySoftwareReset
                0x00000000       0x10 .\CortexM3\ARM_GCC_541\Debug\Lab04_Game.a(CyLib.o)
 .text.CyXTAL_32KHZ_SetPowerMode
                0x00000000       0x84 .\CortexM3\ARM_GCC_541\Debug\Lab04_Game.a(CyLib.o)
 .text.CyXTAL_32KHZ_Start
                0x00000000       0x74 .\CortexM3\ARM_GCC_541\Debug\Lab04_Game.a(CyLib.o)
 .text.CyDelayFreq
                0x00000000       0x4c .\CortexM3\ARM_GCC_541\Debug\Lab04_Game.a(CyLib.o)
 .text.CyWdtStart
                0x00000000       0x40 .\CortexM3\ARM_GCC_541\Debug\Lab04_Game.a(CyLib.o)
 .text.CyWdtClear
                0x00000000        0xc .\CortexM3\ARM_GCC_541\Debug\Lab04_Game.a(CyLib.o)
 .text.CyVdStickyStatus
                0x00000000       0x2c .\CortexM3\ARM_GCC_541\Debug\Lab04_Game.a(CyLib.o)
 .text.CyVdLvDigitEnable
                0x00000000       0x84 .\CortexM3\ARM_GCC_541\Debug\Lab04_Game.a(CyLib.o)
 .text.CyVdLvAnalogEnable
                0x00000000       0x80 .\CortexM3\ARM_GCC_541\Debug\Lab04_Game.a(CyLib.o)
 .text.CyVdLvDigitDisable
                0x00000000       0x30 .\CortexM3\ARM_GCC_541\Debug\Lab04_Game.a(CyLib.o)
 .text.CyVdLvAnalogDisable
                0x00000000       0x28 .\CortexM3\ARM_GCC_541\Debug\Lab04_Game.a(CyLib.o)
 .text.CyVdHvAnalogEnable
                0x00000000       0x54 .\CortexM3\ARM_GCC_541\Debug\Lab04_Game.a(CyLib.o)
 .text.CyVdHvAnalogDisable
                0x00000000       0x20 .\CortexM3\ARM_GCC_541\Debug\Lab04_Game.a(CyLib.o)
 .text.CyVdRealTimeStatus
                0x00000000       0x1c .\CortexM3\ARM_GCC_541\Debug\Lab04_Game.a(CyLib.o)
 .text.CyDisableInts
                0x00000000       0x1c .\CortexM3\ARM_GCC_541\Debug\Lab04_Game.a(CyLib.o)
 .text.CyEnableInts
                0x00000000       0x18 .\CortexM3\ARM_GCC_541\Debug\Lab04_Game.a(CyLib.o)
 .text.CyFlushCache
                0x00000000       0x44 .\CortexM3\ARM_GCC_541\Debug\Lab04_Game.a(CyLib.o)
 .text.CyIntSetSysVector
                0x00000000       0x28 .\CortexM3\ARM_GCC_541\Debug\Lab04_Game.a(CyLib.o)
 .text.CyIntGetSysVector
                0x00000000       0x20 .\CortexM3\ARM_GCC_541\Debug\Lab04_Game.a(CyLib.o)
 .text.CyIntSetVector
                0x00000000       0x28 .\CortexM3\ARM_GCC_541\Debug\Lab04_Game.a(CyLib.o)
 .text.CyIntGetVector
                0x00000000       0x24 .\CortexM3\ARM_GCC_541\Debug\Lab04_Game.a(CyLib.o)
 .text.CyIntSetPriority
                0x00000000       0x30 .\CortexM3\ARM_GCC_541\Debug\Lab04_Game.a(CyLib.o)
 .text.CyIntGetPriority
                0x00000000       0x20 .\CortexM3\ARM_GCC_541\Debug\Lab04_Game.a(CyLib.o)
 .text.CyIntGetState
                0x00000000       0x24 .\CortexM3\ARM_GCC_541\Debug\Lab04_Game.a(CyLib.o)
 .text.CySysTickStop
                0x00000000       0x10 .\CortexM3\ARM_GCC_541\Debug\Lab04_Game.a(CyLib.o)
 .text.CySysTickEnableInterrupt
                0x00000000       0x10 .\CortexM3\ARM_GCC_541\Debug\Lab04_Game.a(CyLib.o)
 .text.CySysTickEnable
                0x00000000       0x18 .\CortexM3\ARM_GCC_541\Debug\Lab04_Game.a(CyLib.o)
 .text.CySysTickDisableInterrupt
                0x00000000       0x10 .\CortexM3\ARM_GCC_541\Debug\Lab04_Game.a(CyLib.o)
 .text.CySysTickSetReload
                0x00000000       0x10 .\CortexM3\ARM_GCC_541\Debug\Lab04_Game.a(CyLib.o)
 .text.CySysTickGetReload
                0x00000000       0x10 .\CortexM3\ARM_GCC_541\Debug\Lab04_Game.a(CyLib.o)
 .text.CySysTickGetValue
                0x00000000       0x10 .\CortexM3\ARM_GCC_541\Debug\Lab04_Game.a(CyLib.o)
 .text.CySysTickSetClockSource
                0x00000000       0x20 .\CortexM3\ARM_GCC_541\Debug\Lab04_Game.a(CyLib.o)
 .text.CySysTickGetClockSource
                0x00000000       0x10 .\CortexM3\ARM_GCC_541\Debug\Lab04_Game.a(CyLib.o)
 .text.CySysTickGetCountFlag
                0x00000000       0x10 .\CortexM3\ARM_GCC_541\Debug\Lab04_Game.a(CyLib.o)
 .text.CySysTickServiceCallbacks
                0x00000000       0x28 .\CortexM3\ARM_GCC_541\Debug\Lab04_Game.a(CyLib.o)
 .text.CySysTickClear
                0x00000000        0xc .\CortexM3\ARM_GCC_541\Debug\Lab04_Game.a(CyLib.o)
 .text.CySysTickInit
                0x00000000       0x58 .\CortexM3\ARM_GCC_541\Debug\Lab04_Game.a(CyLib.o)
 .text.CySysTickStart
                0x00000000       0x1c .\CortexM3\ARM_GCC_541\Debug\Lab04_Game.a(CyLib.o)
 .text.CySysTickSetCallback
                0x00000000       0x10 .\CortexM3\ARM_GCC_541\Debug\Lab04_Game.a(CyLib.o)
 .text.CySysTickGetCallback
                0x00000000       0x10 .\CortexM3\ARM_GCC_541\Debug\Lab04_Game.a(CyLib.o)
 .text.CyGetUniqueId
                0x00000000       0x70 .\CortexM3\ARM_GCC_541\Debug\Lab04_Game.a(CyLib.o)
 .text          0x00000000        0x0 .\CortexM3\ARM_GCC_541\Debug\Lab04_Game.a(cyPm.o)
 .data          0x00000000        0x0 .\CortexM3\ARM_GCC_541\Debug\Lab04_Game.a(cyPm.o)
 .bss           0x00000000       0x43 .\CortexM3\ARM_GCC_541\Debug\Lab04_Game.a(cyPm.o)
 .text.CyPmHibSlpSaveSet
                0x00000000      0x1dc .\CortexM3\ARM_GCC_541\Debug\Lab04_Game.a(cyPm.o)
 .text.CyPmHibSlpRestore
                0x00000000       0xd8 .\CortexM3\ARM_GCC_541\Debug\Lab04_Game.a(cyPm.o)
 .text.CyPmHviLviSaveDisable
                0x00000000       0xa0 .\CortexM3\ARM_GCC_541\Debug\Lab04_Game.a(cyPm.o)
 .text.CyPmHibSaveSet
                0x00000000       0x98 .\CortexM3\ARM_GCC_541\Debug\Lab04_Game.a(cyPm.o)
 .text.CyPmHviLviRestore
                0x00000000       0x48 .\CortexM3\ARM_GCC_541\Debug\Lab04_Game.a(cyPm.o)
 .text.CyPmHibRestore
                0x00000000       0x60 .\CortexM3\ARM_GCC_541\Debug\Lab04_Game.a(cyPm.o)
 .text.CyPmSaveClocks
                0x00000000      0x218 .\CortexM3\ARM_GCC_541\Debug\Lab04_Game.a(cyPm.o)
 .text.CyPmRestoreClocks
                0x00000000      0x24c .\CortexM3\ARM_GCC_541\Debug\Lab04_Game.a(cyPm.o)
 .text.CyPmAltAct
                0x00000000       0x6c .\CortexM3\ARM_GCC_541\Debug\Lab04_Game.a(cyPm.o)
 .text.CyPmSleep
                0x00000000       0xf4 .\CortexM3\ARM_GCC_541\Debug\Lab04_Game.a(cyPm.o)
 .text.CyPmHibernateEx
                0x00000000       0xf4 .\CortexM3\ARM_GCC_541\Debug\Lab04_Game.a(cyPm.o)
 .text.CyPmHibernate
                0x00000000        0xc .\CortexM3\ARM_GCC_541\Debug\Lab04_Game.a(cyPm.o)
 .text.CyPmReadStatus
                0x00000000       0x30 .\CortexM3\ARM_GCC_541\Debug\Lab04_Game.a(cyPm.o)
 .text.CyPmCtwSetInterval
                0x00000000       0x5c .\CortexM3\ARM_GCC_541\Debug\Lab04_Game.a(cyPm.o)
 .text.CyPmOppsSet
                0x00000000       0x2c .\CortexM3\ARM_GCC_541\Debug\Lab04_Game.a(cyPm.o)
 .text.CyPmFtwSetInterval
                0x00000000       0x5c .\CortexM3\ARM_GCC_541\Debug\Lab04_Game.a(cyPm.o)
 .rodata        0x00000000        0xf .\CortexM3\ARM_GCC_541\Debug\Lab04_Game.a(cyPm.o)
 .text          0x00000000        0x0 .\CortexM3\ARM_GCC_541\Debug\Lab04_Game.a(PRS.o)
 .data          0x00000000        0x4 .\CortexM3\ARM_GCC_541\Debug\Lab04_Game.a(PRS.o)
 .text.PRS_Stop
                0x00000000       0x10 .\CortexM3\ARM_GCC_541\Debug\Lab04_Game.a(PRS.o)
 .text.PRS_ReadPolynomial
                0x00000000        0xc .\CortexM3\ARM_GCC_541\Debug\Lab04_Game.a(PRS.o)
 .data          0x00000000        0x0 .\CortexM3\ARM_GCC_541\Debug\Lab04_Game.a(CyBootAsmGnu.o)
 .bss           0x00000000        0x0 .\CortexM3\ARM_GCC_541\Debug\Lab04_Game.a(CyBootAsmGnu.o)
 .text          0x00000000        0x0 .\CortexM3\ARM_GCC_541\Debug\Lab04_Game.a(Control.o)
 .data          0x00000000        0x0 .\CortexM3\ARM_GCC_541\Debug\Lab04_Game.a(Control.o)
 .bss           0x00000000        0x0 .\CortexM3\ARM_GCC_541\Debug\Lab04_Game.a(Control.o)
 .text.Control_Write
                0x00000000       0x18 .\CortexM3\ARM_GCC_541\Debug\Lab04_Game.a(Control.o)
 .text.Control_SetDriveMode
                0x00000000       0x24 .\CortexM3\ARM_GCC_541\Debug\Lab04_Game.a(Control.o)
 .text.Control_ReadDataReg
                0x00000000       0x10 .\CortexM3\ARM_GCC_541\Debug\Lab04_Game.a(Control.o)
 .text.Control_SetInterruptMode
                0x00000000       0x28 .\CortexM3\ARM_GCC_541\Debug\Lab04_Game.a(Control.o)
 .text          0x00000000        0x0 .\CortexM3\ARM_GCC_541\Debug\Lab04_Game.a(CyFlash.o)
 .data          0x00000000        0x0 .\CortexM3\ARM_GCC_541\Debug\Lab04_Game.a(CyFlash.o)
 .bss           0x00000000        0x0 .\CortexM3\ARM_GCC_541\Debug\Lab04_Game.a(CyFlash.o)
 .text.CySetTempInt
                0x00000000       0x60 .\CortexM3\ARM_GCC_541\Debug\Lab04_Game.a(CyFlash.o)
 .text.CyFlash_Start
                0x00000000       0x54 .\CortexM3\ARM_GCC_541\Debug\Lab04_Game.a(CyFlash.o)
 .text.CyFlash_Stop
                0x00000000       0x24 .\CortexM3\ARM_GCC_541\Debug\Lab04_Game.a(CyFlash.o)
 .text.CyFlash_EraseRow
                0x00000000       0x78 .\CortexM3\ARM_GCC_541\Debug\Lab04_Game.a(CyFlash.o)
 .text.CyFlashGetSpcAlgorithm
                0x00000000       0x4c .\CortexM3\ARM_GCC_541\Debug\Lab04_Game.a(CyFlash.o)
 .text.CySetTemp
                0x00000000       0x14 .\CortexM3\ARM_GCC_541\Debug\Lab04_Game.a(CyFlash.o)
 .text.CySetFlashEEBuffer
                0x00000000       0x20 .\CortexM3\ARM_GCC_541\Debug\Lab04_Game.a(CyFlash.o)
 .text.CyWriteRowFull
                0x00000000       0xf8 .\CortexM3\ARM_GCC_541\Debug\Lab04_Game.a(CyFlash.o)
 .text.CyWriteRowData
                0x00000000       0x14 .\CortexM3\ARM_GCC_541\Debug\Lab04_Game.a(CyFlash.o)
 .text.CyFlash_SetWaitCycles
                0x00000000       0x7c .\CortexM3\ARM_GCC_541\Debug\Lab04_Game.a(CyFlash.o)
 .text.CyEEPROM_Start
                0x00000000       0x54 .\CortexM3\ARM_GCC_541\Debug\Lab04_Game.a(CyFlash.o)
 .text.CyEEPROM_Stop
                0x00000000       0x24 .\CortexM3\ARM_GCC_541\Debug\Lab04_Game.a(CyFlash.o)
 .text.CyEEPROM_ReadReserve
                0x00000000       0x1c .\CortexM3\ARM_GCC_541\Debug\Lab04_Game.a(CyFlash.o)
 .text.CyEEPROM_ReadRelease
                0x00000000       0x10 .\CortexM3\ARM_GCC_541\Debug\Lab04_Game.a(CyFlash.o)
 COMMON         0x00000000        0x2 .\CortexM3\ARM_GCC_541\Debug\Lab04_Game.a(CyFlash.o)
 .text          0x00000000        0x0 .\CortexM3\ARM_GCC_541\Debug\Lab04_Game.a(CySpc.o)
 .data          0x00000000        0x0 .\CortexM3\ARM_GCC_541\Debug\Lab04_Game.a(CySpc.o)
 .bss           0x00000000        0x8 .\CortexM3\ARM_GCC_541\Debug\Lab04_Game.a(CySpc.o)
 .text.CySpcStart
                0x00000000       0x24 .\CortexM3\ARM_GCC_541\Debug\Lab04_Game.a(CySpc.o)
 .text.CySpcStop
                0x00000000       0x24 .\CortexM3\ARM_GCC_541\Debug\Lab04_Game.a(CySpc.o)
 .text.CySpcReadData
                0x00000000       0x34 .\CortexM3\ARM_GCC_541\Debug\Lab04_Game.a(CySpc.o)
 .text.CySpcLoadMultiByte
                0x00000000       0x78 .\CortexM3\ARM_GCC_541\Debug\Lab04_Game.a(CySpc.o)
 .text.CySpcLoadRow
                0x00000000       0x50 .\CortexM3\ARM_GCC_541\Debug\Lab04_Game.a(CySpc.o)
 .text.CySpcLoadRowFull
                0x00000000       0x80 .\CortexM3\ARM_GCC_541\Debug\Lab04_Game.a(CySpc.o)
 .text.CySpcWriteRow
                0x00000000       0x4c .\CortexM3\ARM_GCC_541\Debug\Lab04_Game.a(CySpc.o)
 .text.CySpcEraseSector
                0x00000000       0x3c .\CortexM3\ARM_GCC_541\Debug\Lab04_Game.a(CySpc.o)
 .text.CySpcEraseRow
                0x00000000       0x4c .\CortexM3\ARM_GCC_541\Debug\Lab04_Game.a(CySpc.o)
 .text.CySpcGetTemp
                0x00000000       0x3c .\CortexM3\ARM_GCC_541\Debug\Lab04_Game.a(CySpc.o)
 .text.CySpcLock
                0x00000000       0x4c .\CortexM3\ARM_GCC_541\Debug\Lab04_Game.a(CySpc.o)
 .text.CySpcUnlock
                0x00000000       0x38 .\CortexM3\ARM_GCC_541\Debug\Lab04_Game.a(CySpc.o)
 .text.CySpcGetAlgorithm
                0x00000000       0x28 .\CortexM3\ARM_GCC_541\Debug\Lab04_Game.a(CySpc.o)
 .data          0x00000000        0x0 c:/program files (x86)/cypress/psoc creator/4.3/psoc creator/import/gnu/arm/5.4.1/bin/../lib/gcc/arm-none-eabi/5.4.1/armv7-m\libgcc.a(_arm_addsubdf3.o)
 .bss           0x00000000        0x0 c:/program files (x86)/cypress/psoc creator/4.3/psoc creator/import/gnu/arm/5.4.1/bin/../lib/gcc/arm-none-eabi/5.4.1/armv7-m\libgcc.a(_arm_addsubdf3.o)
 .data          0x00000000        0x0 c:/program files (x86)/cypress/psoc creator/4.3/psoc creator/import/gnu/arm/5.4.1/bin/../lib/gcc/arm-none-eabi/5.4.1/armv7-m\libgcc.a(_arm_muldivdf3.o)
 .bss           0x00000000        0x0 c:/program files (x86)/cypress/psoc creator/4.3/psoc creator/import/gnu/arm/5.4.1/bin/../lib/gcc/arm-none-eabi/5.4.1/armv7-m\libgcc.a(_arm_muldivdf3.o)
 .data          0x00000000        0x0 c:/program files (x86)/cypress/psoc creator/4.3/psoc creator/import/gnu/arm/5.4.1/bin/../lib/gcc/arm-none-eabi/5.4.1/armv7-m\libgcc.a(_arm_fixunsdfsi.o)
 .bss           0x00000000        0x0 c:/program files (x86)/cypress/psoc creator/4.3/psoc creator/import/gnu/arm/5.4.1/bin/../lib/gcc/arm-none-eabi/5.4.1/armv7-m\libgcc.a(_arm_fixunsdfsi.o)
 .text          0x00000000        0x0 c:/program files (x86)/cypress/psoc creator/4.3/psoc creator/import/gnu/arm/5.4.1/bin/../lib/gcc/arm-none-eabi/5.4.1/../../../../arm-none-eabi/lib/armv7-m\libg_nano.a(lib_a-errno.o)
 .data          0x00000000        0x0 c:/program files (x86)/cypress/psoc creator/4.3/psoc creator/import/gnu/arm/5.4.1/bin/../lib/gcc/arm-none-eabi/5.4.1/../../../../arm-none-eabi/lib/armv7-m\libg_nano.a(lib_a-errno.o)
 .bss           0x00000000        0x0 c:/program files (x86)/cypress/psoc creator/4.3/psoc creator/import/gnu/arm/5.4.1/bin/../lib/gcc/arm-none-eabi/5.4.1/../../../../arm-none-eabi/lib/armv7-m\libg_nano.a(lib_a-errno.o)
 .text          0x00000000        0x0 c:/program files (x86)/cypress/psoc creator/4.3/psoc creator/import/gnu/arm/5.4.1/bin/../lib/gcc/arm-none-eabi/5.4.1/../../../../arm-none-eabi/lib/armv7-m\libg_nano.a(lib_a-exit.o)
 .data          0x00000000        0x0 c:/program files (x86)/cypress/psoc creator/4.3/psoc creator/import/gnu/arm/5.4.1/bin/../lib/gcc/arm-none-eabi/5.4.1/../../../../arm-none-eabi/lib/armv7-m\libg_nano.a(lib_a-exit.o)
 .bss           0x00000000        0x0 c:/program files (x86)/cypress/psoc creator/4.3/psoc creator/import/gnu/arm/5.4.1/bin/../lib/gcc/arm-none-eabi/5.4.1/../../../../arm-none-eabi/lib/armv7-m\libg_nano.a(lib_a-exit.o)
 .text.exit     0x00000000       0x28 c:/program files (x86)/cypress/psoc creator/4.3/psoc creator/import/gnu/arm/5.4.1/bin/../lib/gcc/arm-none-eabi/5.4.1/../../../../arm-none-eabi/lib/armv7-m\libg_nano.a(lib_a-exit.o)
 .text          0x00000000        0x0 c:/program files (x86)/cypress/psoc creator/4.3/psoc creator/import/gnu/arm/5.4.1/bin/../lib/gcc/arm-none-eabi/5.4.1/../../../../arm-none-eabi/lib/armv7-m\libg_nano.a(lib_a-impure.o)
 .data          0x00000000        0x0 c:/program files (x86)/cypress/psoc creator/4.3/psoc creator/import/gnu/arm/5.4.1/bin/../lib/gcc/arm-none-eabi/5.4.1/../../../../arm-none-eabi/lib/armv7-m\libg_nano.a(lib_a-impure.o)
 .bss           0x00000000        0x0 c:/program files (x86)/cypress/psoc creator/4.3/psoc creator/import/gnu/arm/5.4.1/bin/../lib/gcc/arm-none-eabi/5.4.1/../../../../arm-none-eabi/lib/armv7-m\libg_nano.a(lib_a-impure.o)
 .rodata._global_impure_ptr
                0x00000000        0x4 c:/program files (x86)/cypress/psoc creator/4.3/psoc creator/import/gnu/arm/5.4.1/bin/../lib/gcc/arm-none-eabi/5.4.1/../../../../arm-none-eabi/lib/armv7-m\libg_nano.a(lib_a-impure.o)
 .text          0x00000000        0x0 c:/program files (x86)/cypress/psoc creator/4.3/psoc creator/import/gnu/arm/5.4.1/bin/../lib/gcc/arm-none-eabi/5.4.1/../../../../arm-none-eabi/lib/armv7-m\libg_nano.a(lib_a-init.o)
 .data          0x00000000        0x0 c:/program files (x86)/cypress/psoc creator/4.3/psoc creator/import/gnu/arm/5.4.1/bin/../lib/gcc/arm-none-eabi/5.4.1/../../../../arm-none-eabi/lib/armv7-m\libg_nano.a(lib_a-init.o)
 .bss           0x00000000        0x0 c:/program files (x86)/cypress/psoc creator/4.3/psoc creator/import/gnu/arm/5.4.1/bin/../lib/gcc/arm-none-eabi/5.4.1/../../../../arm-none-eabi/lib/armv7-m\libg_nano.a(lib_a-init.o)
 .text          0x00000000        0x0 c:/program files (x86)/cypress/psoc creator/4.3/psoc creator/import/gnu/arm/5.4.1/bin/../lib/gcc/arm-none-eabi/5.4.1/../../../../arm-none-eabi/lib/armv7-m\libg_nano.a(lib_a-memcpy-stub.o)
 .data          0x00000000        0x0 c:/program files (x86)/cypress/psoc creator/4.3/psoc creator/import/gnu/arm/5.4.1/bin/../lib/gcc/arm-none-eabi/5.4.1/../../../../arm-none-eabi/lib/armv7-m\libg_nano.a(lib_a-memcpy-stub.o)
 .bss           0x00000000        0x0 c:/program files (x86)/cypress/psoc creator/4.3/psoc creator/import/gnu/arm/5.4.1/bin/../lib/gcc/arm-none-eabi/5.4.1/../../../../arm-none-eabi/lib/armv7-m\libg_nano.a(lib_a-memcpy-stub.o)
 .text          0x00000000        0x0 c:/program files (x86)/cypress/psoc creator/4.3/psoc creator/import/gnu/arm/5.4.1/bin/../lib/gcc/arm-none-eabi/5.4.1/../../../../arm-none-eabi/lib/armv7-m\libg_nano.a(lib_a-memset.o)
 .data          0x00000000        0x0 c:/program files (x86)/cypress/psoc creator/4.3/psoc creator/import/gnu/arm/5.4.1/bin/../lib/gcc/arm-none-eabi/5.4.1/../../../../arm-none-eabi/lib/armv7-m\libg_nano.a(lib_a-memset.o)
 .bss           0x00000000        0x0 c:/program files (x86)/cypress/psoc creator/4.3/psoc creator/import/gnu/arm/5.4.1/bin/../lib/gcc/arm-none-eabi/5.4.1/../../../../arm-none-eabi/lib/armv7-m\libg_nano.a(lib_a-memset.o)
 .text          0x00000000        0x0 c:/program files (x86)/cypress/psoc creator/4.3/psoc creator/import/gnu/arm/5.4.1/bin/../lib/gcc/arm-none-eabi/5.4.1/armv7-m/crtend.o
 .data          0x00000000        0x0 c:/program files (x86)/cypress/psoc creator/4.3/psoc creator/import/gnu/arm/5.4.1/bin/../lib/gcc/arm-none-eabi/5.4.1/armv7-m/crtend.o
 .bss           0x00000000        0x0 c:/program files (x86)/cypress/psoc creator/4.3/psoc creator/import/gnu/arm/5.4.1/bin/../lib/gcc/arm-none-eabi/5.4.1/armv7-m/crtend.o
 .text          0x00000000        0x0 c:/program files (x86)/cypress/psoc creator/4.3/psoc creator/import/gnu/arm/5.4.1/bin/../lib/gcc/arm-none-eabi/5.4.1/armv7-m/crtn.o
 .data          0x00000000        0x0 c:/program files (x86)/cypress/psoc creator/4.3/psoc creator/import/gnu/arm/5.4.1/bin/../lib/gcc/arm-none-eabi/5.4.1/armv7-m/crtn.o
 .bss           0x00000000        0x0 c:/program files (x86)/cypress/psoc creator/4.3/psoc creator/import/gnu/arm/5.4.1/bin/../lib/gcc/arm-none-eabi/5.4.1/armv7-m/crtn.o

Memory Configuration

Name             Origin             Length             Attributes
rom              0x00000000         0x00040000         xr
ram              0x1fff8000         0x00010000         xrw
*default*        0x00000000         0xffffffff

Linker script and memory map

LOAD c:/program files (x86)/cypress/psoc creator/4.3/psoc creator/import/gnu/arm/5.4.1/bin/../lib/gcc/arm-none-eabi/5.4.1/armv7-m/crti.o
LOAD c:/program files (x86)/cypress/psoc creator/4.3/psoc creator/import/gnu/arm/5.4.1/bin/../lib/gcc/arm-none-eabi/5.4.1/armv7-m/crtbegin.o
LOAD c:/program files (x86)/cypress/psoc creator/4.3/psoc creator/import/gnu/arm/5.4.1/bin/../lib/gcc/arm-none-eabi/5.4.1/../../../../arm-none-eabi/lib/armv7-m/crt0.o
START GROUP
LOAD .\CortexM3\ARM_GCC_541\Debug\main.o
LOAD .\CortexM3\ARM_GCC_541\Debug\cyfitter_cfg.o
LOAD .\CortexM3\ARM_GCC_541\Debug\cymetadata.o
LOAD .\CortexM3\ARM_GCC_541\Debug\Cm3Start.o
LOAD .\CortexM3\ARM_GCC_541\Debug\Lab04_Game.a
LOAD C:\Program Files (x86)\Cypress\PSoC Creator\4.3\PSoC Creator\psoc\content\cycomponentlibrary\CyComponentLibrary.cylib\CortexM3\ARM_GCC_541\Debug\CyComponentLibrary.a
END GROUP
START GROUP
LOAD c:/program files (x86)/cypress/psoc creator/4.3/psoc creator/import/gnu/arm/5.4.1/bin/../lib/gcc/arm-none-eabi/5.4.1/armv7-m\libgcc.a
LOAD c:/program files (x86)/cypress/psoc creator/4.3/psoc creator/import/gnu/arm/5.4.1/bin/../lib/gcc/arm-none-eabi/5.4.1/../../../../arm-none-eabi/lib/armv7-m\libg_nano.a
LOAD c:/program files (x86)/cypress/psoc creator/4.3/psoc creator/import/gnu/arm/5.4.1/bin/../lib/gcc/arm-none-eabi/5.4.1/../../../../arm-none-eabi/lib/armv7-m\libc_nano.a
END GROUP
START GROUP
LOAD c:/program files (x86)/cypress/psoc creator/4.3/psoc creator/import/gnu/arm/5.4.1/bin/../lib/gcc/arm-none-eabi/5.4.1/armv7-m\libgcc.a
LOAD c:/program files (x86)/cypress/psoc creator/4.3/psoc creator/import/gnu/arm/5.4.1/bin/../lib/gcc/arm-none-eabi/5.4.1/../../../../arm-none-eabi/lib/armv7-m\libc_nano.a
END GROUP
LOAD c:/program files (x86)/cypress/psoc creator/4.3/psoc creator/import/gnu/arm/5.4.1/bin/../lib/gcc/arm-none-eabi/5.4.1/armv7-m/crtend.o
LOAD c:/program files (x86)/cypress/psoc creator/4.3/psoc creator/import/gnu/arm/5.4.1/bin/../lib/gcc/arm-none-eabi/5.4.1/armv7-m/crtn.o
START GROUP
LOAD c:/program files (x86)/cypress/psoc creator/4.3/psoc creator/import/gnu/arm/5.4.1/bin/../lib/gcc/arm-none-eabi/5.4.1/armv7-m\libgcc.a
LOAD c:/program files (x86)/cypress/psoc creator/4.3/psoc creator/import/gnu/arm/5.4.1/bin/../lib/gcc/arm-none-eabi/5.4.1/../../../../arm-none-eabi/lib/armv7-m\libc.a
LOAD c:/program files (x86)/cypress/psoc creator/4.3/psoc creator/import/gnu/arm/5.4.1/bin/../lib/gcc/arm-none-eabi/5.4.1/../../../../arm-none-eabi/lib/armv7-m\libnosys.a
END GROUP
                0x00000000                CY_APPL_ORIGIN = 0x0
                0x00000100                CY_FLASH_ROW_SIZE = 0x100
                0x00000020                CY_ECC_ROW_SIZE = 0x20
                0x00000000                CY_EE_IN_BTLDR = 0x0
                0x00000000                CY_APPL_LOADABLE = 0x0
                0x00000800                CY_EE_SIZE = 0x800
                0x00000001                CY_APPL_NUM = 0x1
                0x00000001                CY_APPL_MAX = 0x1
                0x00000040                CY_METADATA_SIZE = 0x40
                0x00000000                CY_APPL_LOADABLE = 0x0
                0x00000000                CY_CHECKSUM_EXCLUDE_SIZE = ALIGN (0x0, CY_FLASH_ROW_SIZE)
                [!provide]                PROVIDE (__cy_heap_start, _end)
                0x00000001                PROVIDE (__cy_region_num, ((__cy_regions_end - __cy_regions) / 0x10))
                0x20008000                PROVIDE (__cy_stack, (ORIGIN (ram) + LENGTH (ram)))
                [!provide]                PROVIDE (__cy_heap_end, (__cy_stack - 0x800))

.cybootloader   0x00000000        0x0
 *(.cybootloader)
                0x00000000                appl1_start = CY_APPL_ORIGIN?CY_APPL_ORIGIN:ALIGN (CY_FLASH_ROW_SIZE)
                0x0001ff00                appl2_start = (appl1_start + ALIGN ((((LENGTH (rom) - appl1_start) - (0x2 * CY_FLASH_ROW_SIZE)) / 0x2), CY_FLASH_ROW_SIZE))
                0x00000000                appl_start = (CY_APPL_NUM == 0x1)?appl1_start:appl2_start
                0x00000000                ecc_offset = ((appl_start / CY_FLASH_ROW_SIZE) * CY_ECC_ROW_SIZE)
                0x00000000                ee_offset = (CY_APPL_LOADABLE && ! (CY_EE_IN_BTLDR))?((CY_EE_SIZE / CY_APPL_MAX) * (CY_APPL_NUM - 0x1)):0x0
                0x00000800                ee_size = (CY_APPL_LOADABLE && ! (CY_EE_IN_BTLDR))?(CY_EE_SIZE / CY_APPL_MAX):CY_EE_SIZE
                [!provide]                PROVIDE (CY_ECC_OFFSET, ecc_offset)

.text           0x00000000     0x1552
 CREATE_OBJECT_SYMBOLS
                0x00000000                PROVIDE (__cy_interrupt_vector, RomVectors)
 *(.romvectors)
 .romvectors    0x00000000       0x10 .\CortexM3\ARM_GCC_541\Debug\Cm3Start.o
                0x00000000                RomVectors
                0x00000001                ASSERT ((. != __cy_interrupt_vector), No interrupt vector)
                0x00000001                ASSERT (CY_APPL_ORIGIN?(SIZEOF (.cybootloader) <= CY_APPL_ORIGIN):0x1, Wrong image location)
                0x00000010                PROVIDE (__cy_reset, Reset)
 *(.text.Reset)
 .text.Reset    0x00000010       0x18 .\CortexM3\ARM_GCC_541\Debug\Cm3Start.o
                0x00000010                Reset
                0x00000001                ASSERT ((. != __cy_reset), No reset code)
 *(.dma_init)
                0x00000001                ASSERT ((((appl_start + .) <= 0x10000) || 0x1), DMA Init must be within the first 64k of flash)
 *(.text .text.* .gnu.linkonce.t.*)
 .text          0x00000028       0x5c c:/program files (x86)/cypress/psoc creator/4.3/psoc creator/import/gnu/arm/5.4.1/bin/../lib/gcc/arm-none-eabi/5.4.1/armv7-m/crtbegin.o
 .text.main     0x00000084       0x24 .\CortexM3\ARM_GCC_541\Debug\main.o
                0x00000084                main
 .text.CyClockStartupError
                0x000000a8        0x4 .\CortexM3\ARM_GCC_541\Debug\cyfitter_cfg.o
 .text.cfg_write_bytes32
                0x000000ac       0x34 .\CortexM3\ARM_GCC_541\Debug\cyfitter_cfg.o
 .text.AnalogSetDefault
                0x000000e0       0x28 .\CortexM3\ARM_GCC_541\Debug\cyfitter_cfg.o
 .text.CYMEMZERO
                0x00000108        0xc .\CortexM3\ARM_GCC_541\Debug\cyfitter_cfg.o
 .text.ClockSetup
                0x00000114       0xd4 .\CortexM3\ARM_GCC_541\Debug\cyfitter_cfg.o
 .text.CYCONFIGCPY
                0x000001e8        0x8 .\CortexM3\ARM_GCC_541\Debug\cyfitter_cfg.o
 .text.cyfitter_cfg
                0x000001f0       0xf0 .\CortexM3\ARM_GCC_541\Debug\cyfitter_cfg.o
                0x000001f0                cyfitter_cfg
 .text.IntDefaultHandler
                0x000002e0       0x10 .\CortexM3\ARM_GCC_541\Debug\Cm3Start.o
                0x000002e0                IntDefaultHandler
 .text.Start_c  0x000002f0       0x4c .\CortexM3\ARM_GCC_541\Debug\Cm3Start.o
                0x000002f0                Start_c
 .text.initialize_psoc
                0x0000033c       0x68 .\CortexM3\ARM_GCC_541\Debug\Cm3Start.o
                0x0000033c                initialize_psoc
 .text.Refresh_Timer_Enable
                0x000003a4       0x28 .\CortexM3\ARM_GCC_541\Debug\Lab04_Game.a(Refresh_Timer.o)
                0x000003a4                Refresh_Timer_Enable
 .text.Refresh_Timer_SetInterruptMode
                0x000003cc        0xc .\CortexM3\ARM_GCC_541\Debug\Lab04_Game.a(Refresh_Timer.o)
                0x000003cc                Refresh_Timer_SetInterruptMode
 .text.Refresh_Timer_ReadStatusRegister
                0x000003d8        0xc .\CortexM3\ARM_GCC_541\Debug\Lab04_Game.a(Refresh_Timer.o)
                0x000003d8                Refresh_Timer_ReadStatusRegister
 .text.Refresh_Timer_ReadPeriod
                0x000003e4        0xc .\CortexM3\ARM_GCC_541\Debug\Lab04_Game.a(Refresh_Timer.o)
                0x000003e4                Refresh_Timer_ReadPeriod
 .text.Refresh_Timer_WritePeriod
                0x000003f0        0xc .\CortexM3\ARM_GCC_541\Debug\Lab04_Game.a(Refresh_Timer.o)
                0x000003f0                Refresh_Timer_WritePeriod
 .text.Refresh_Timer_WriteCounter
                0x000003fc        0xc .\CortexM3\ARM_GCC_541\Debug\Lab04_Game.a(Refresh_Timer.o)
                0x000003fc                Refresh_Timer_WriteCounter
 .text.Refresh_Timer_Init
                0x00000408       0x68 .\CortexM3\ARM_GCC_541\Debug\Lab04_Game.a(Refresh_Timer.o)
                0x00000408                Refresh_Timer_Init
 .text.Refresh_Timer_Start
                0x00000470       0x1c .\CortexM3\ARM_GCC_541\Debug\Lab04_Game.a(Refresh_Timer.o)
                0x00000470                Refresh_Timer_Start
 *fill*         0x0000048c        0x4 
 .text.REFRESH_ISR_Interrupt
                0x00000490      0x250 .\CortexM3\ARM_GCC_541\Debug\Lab04_Game.a(REFRESH_ISR.o)
                0x00000490                REFRESH_ISR_Interrupt
 .text.REFRESH_ISR_SetVector
                0x000006e0       0x10 .\CortexM3\ARM_GCC_541\Debug\Lab04_Game.a(REFRESH_ISR.o)
                0x000006e0                REFRESH_ISR_SetVector
 .text.REFRESH_ISR_SetPriority
                0x000006f0       0x10 .\CortexM3\ARM_GCC_541\Debug\Lab04_Game.a(REFRESH_ISR.o)
                0x000006f0                REFRESH_ISR_SetPriority
 .text.REFRESH_ISR_Enable
                0x00000700       0x10 .\CortexM3\ARM_GCC_541\Debug\Lab04_Game.a(REFRESH_ISR.o)
                0x00000700                REFRESH_ISR_Enable
 .text.REFRESH_ISR_Disable
                0x00000710       0x10 .\CortexM3\ARM_GCC_541\Debug\Lab04_Game.a(REFRESH_ISR.o)
                0x00000710                REFRESH_ISR_Disable
 .text.REFRESH_ISR_Start
                0x00000720       0x1c .\CortexM3\ARM_GCC_541\Debug\Lab04_Game.a(REFRESH_ISR.o)
                0x00000720                REFRESH_ISR_Start
 .text.PWM_Enable
                0x0000073c       0x28 .\CortexM3\ARM_GCC_541\Debug\Lab04_Game.a(PWM.o)
                0x0000073c                PWM_Enable
 .text.PWM_Stop
                0x00000764       0x28 .\CortexM3\ARM_GCC_541\Debug\Lab04_Game.a(PWM.o)
                0x00000764                PWM_Stop
 .text.PWM_WritePeriod
                0x0000078c        0xc .\CortexM3\ARM_GCC_541\Debug\Lab04_Game.a(PWM.o)
                0x0000078c                PWM_WritePeriod
 .text.PWM_WriteCompare
                0x00000798        0xc .\CortexM3\ARM_GCC_541\Debug\Lab04_Game.a(PWM.o)
                0x00000798                PWM_WriteCompare
 .text.PWM_SetInterruptMode
                0x000007a4        0xc .\CortexM3\ARM_GCC_541\Debug\Lab04_Game.a(PWM.o)
                0x000007a4                PWM_SetInterruptMode
 .text.PWM_Init
                0x000007b0       0x78 .\CortexM3\ARM_GCC_541\Debug\Lab04_Game.a(PWM.o)
                0x000007b0                PWM_Init
 .text.PWM_Start
                0x00000828       0x1c .\CortexM3\ARM_GCC_541\Debug\Lab04_Game.a(PWM.o)
                0x00000828                PWM_Start
 .text.LCD_WrCntrlNib
                0x00000844       0x34 .\CortexM3\ARM_GCC_541\Debug\Lab04_Game.a(LCD.o)
 .text.LCD_WrDatNib
                0x00000878       0x44 .\CortexM3\ARM_GCC_541\Debug\Lab04_Game.a(LCD.o)
 .text.LCD_IsReady
                0x000008bc       0xe4 .\CortexM3\ARM_GCC_541\Debug\Lab04_Game.a(LCD.o)
                0x000008bc                LCD_IsReady
 .text.LCD_WriteData
                0x000009a0       0x18 .\CortexM3\ARM_GCC_541\Debug\Lab04_Game.a(LCD.o)
                0x000009a0                LCD_WriteData
 .text.LCD_PrintString
                0x000009b8       0x1c .\CortexM3\ARM_GCC_541\Debug\Lab04_Game.a(LCD.o)
                0x000009b8                LCD_PrintString
 .text.LCD_PutChar
                0x000009d4        0x8 .\CortexM3\ARM_GCC_541\Debug\Lab04_Game.a(LCD.o)
                0x000009d4                LCD_PutChar
 .text.LCD_WriteControl
                0x000009dc       0x18 .\CortexM3\ARM_GCC_541\Debug\Lab04_Game.a(LCD.o)
                0x000009dc                LCD_WriteControl
 .text.LCD_Init
                0x000009f4       0x74 .\CortexM3\ARM_GCC_541\Debug\Lab04_Game.a(LCD.o)
                0x000009f4                LCD_Init
 .text.LCD_Enable
                0x00000a68       0x14 .\CortexM3\ARM_GCC_541\Debug\Lab04_Game.a(LCD.o)
                0x00000a68                LCD_Enable
 .text.LCD_Start
                0x00000a7c       0x1c .\CortexM3\ARM_GCC_541\Debug\Lab04_Game.a(LCD.o)
                0x00000a7c                LCD_Start
 .text.LCD_Position
                0x00000a98       0x3c .\CortexM3\ARM_GCC_541\Debug\Lab04_Game.a(LCD.o)
                0x00000a98                LCD_Position
 .text.LCD_PrintU32Number
                0x00000ad4       0x64 .\CortexM3\ARM_GCC_541\Debug\Lab04_Game.a(LCD.o)
                0x00000ad4                LCD_PrintU32Number
 .text.LCD_LoadCustomFonts
                0x00000b38       0x2c .\CortexM3\ARM_GCC_541\Debug\Lab04_Game.a(LCD_CustChars.o)
                0x00000b38                LCD_LoadCustomFonts
 .text.CONTROL_ISR_Interrupt
                0x00000b64       0x2c .\CortexM3\ARM_GCC_541\Debug\Lab04_Game.a(CONTROL_ISR.o)
                0x00000b64                CONTROL_ISR_Interrupt
 .text.CONTROL_ISR_SetVector
                0x00000b90        0xc .\CortexM3\ARM_GCC_541\Debug\Lab04_Game.a(CONTROL_ISR.o)
                0x00000b90                CONTROL_ISR_SetVector
 .text.CONTROL_ISR_SetPriority
                0x00000b9c       0x10 .\CortexM3\ARM_GCC_541\Debug\Lab04_Game.a(CONTROL_ISR.o)
                0x00000b9c                CONTROL_ISR_SetPriority
 .text.CONTROL_ISR_Enable
                0x00000bac        0xc .\CortexM3\ARM_GCC_541\Debug\Lab04_Game.a(CONTROL_ISR.o)
                0x00000bac                CONTROL_ISR_Enable
 .text.CONTROL_ISR_Disable
                0x00000bb8        0xc .\CortexM3\ARM_GCC_541\Debug\Lab04_Game.a(CONTROL_ISR.o)
                0x00000bb8                CONTROL_ISR_Disable
 .text.CONTROL_ISR_Start
                0x00000bc4       0x1c .\CortexM3\ARM_GCC_541\Debug\Lab04_Game.a(CONTROL_ISR.o)
                0x00000bc4                CONTROL_ISR_Start
 .text.CyDelay  0x00000be0       0x2c .\CortexM3\ARM_GCC_541\Debug\Lab04_Game.a(CyLib.o)
                0x00000be0                CyDelay
 .text.CyDelayUs
                0x00000c0c       0x14 .\CortexM3\ARM_GCC_541\Debug\Lab04_Game.a(CyLib.o)
                0x00000c0c                CyDelayUs
 .text.PRS_Enable
                0x00000c20       0x10 .\CortexM3\ARM_GCC_541\Debug\Lab04_Game.a(PRS.o)
                0x00000c20                PRS_Enable
 .text.PRS_ResetSeedInit
                0x00000c30       0x30 .\CortexM3\ARM_GCC_541\Debug\Lab04_Game.a(PRS.o)
                0x00000c30                PRS_ResetSeedInit
 .text.PRS_Read
                0x00000c60        0xc .\CortexM3\ARM_GCC_541\Debug\Lab04_Game.a(PRS.o)
                0x00000c60                PRS_Read
 .text.PRS_WriteSeed
                0x00000c6c        0xc .\CortexM3\ARM_GCC_541\Debug\Lab04_Game.a(PRS.o)
                0x00000c6c                PRS_WriteSeed
 .text.PRS_WritePolynomial
                0x00000c78        0xc .\CortexM3\ARM_GCC_541\Debug\Lab04_Game.a(PRS.o)
                0x00000c78                PRS_WritePolynomial
 .text.PRS_Init
                0x00000c84       0x20 .\CortexM3\ARM_GCC_541\Debug\Lab04_Game.a(PRS.o)
                0x00000c84                PRS_Init
 .text.PRS_Start
                0x00000ca4       0x1c .\CortexM3\ARM_GCC_541\Debug\Lab04_Game.a(PRS.o)
                0x00000ca4                PRS_Start
 .text          0x00000cc0       0x20 .\CortexM3\ARM_GCC_541\Debug\Lab04_Game.a(CyBootAsmGnu.o)
                0x00000cc0                CyDelayCycles
                0x00000cd0                CyEnterCriticalSection
                0x00000cd8                CyExitCriticalSection
 .text.Control_Read
                0x00000ce0       0x10 .\CortexM3\ARM_GCC_541\Debug\Lab04_Game.a(Control.o)
                0x00000ce0                Control_Read
 .text.Control_ClearInterrupt
                0x00000cf0       0x10 .\CortexM3\ARM_GCC_541\Debug\Lab04_Game.a(Control.o)
                0x00000cf0                Control_ClearInterrupt
 .text          0x00000d00      0x370 c:/program files (x86)/cypress/psoc creator/4.3/psoc creator/import/gnu/arm/5.4.1/bin/../lib/gcc/arm-none-eabi/5.4.1/armv7-m\libgcc.a(_arm_addsubdf3.o)
                0x00000d00                __aeabi_drsub
                0x00000d08                __aeabi_dsub
                0x00000d08                __subdf3
                0x00000d0c                __aeabi_dadd
                0x00000d0c                __adddf3
                0x00000f84                __floatunsidf
                0x00000f84                __aeabi_ui2d
                0x00000fa4                __floatsidf
                0x00000fa4                __aeabi_i2d
                0x00000fc8                __aeabi_f2d
                0x00000fc8                __extendsfdf2
                0x00001004                __floatundidf
                0x00001004                __aeabi_ul2d
                0x00001014                __floatdidf
                0x00001014                __aeabi_l2d
 .text          0x00001070      0x424 c:/program files (x86)/cypress/psoc creator/4.3/psoc creator/import/gnu/arm/5.4.1/bin/../lib/gcc/arm-none-eabi/5.4.1/armv7-m\libgcc.a(_arm_muldivdf3.o)
                0x00001070                __aeabi_dmul
                0x00001070                __muldf3
                0x000012c4                __divdf3
                0x000012c4                __aeabi_ddiv
 .text          0x00001494       0x40 c:/program files (x86)/cypress/psoc creator/4.3/psoc creator/import/gnu/arm/5.4.1/bin/../lib/gcc/arm-none-eabi/5.4.1/armv7-m\libgcc.a(_arm_fixunsdfsi.o)
                0x00001494                __aeabi_d2uiz
                0x00001494                __fixunsdfsi
 .text.__errno  0x000014d4        0xc c:/program files (x86)/cypress/psoc creator/4.3/psoc creator/import/gnu/arm/5.4.1/bin/../lib/gcc/arm-none-eabi/5.4.1/../../../../arm-none-eabi/lib/armv7-m\libg_nano.a(lib_a-errno.o)
                0x000014d4                __errno
 .text.__libc_init_array
                0x000014e0       0x4c c:/program files (x86)/cypress/psoc creator/4.3/psoc creator/import/gnu/arm/5.4.1/bin/../lib/gcc/arm-none-eabi/5.4.1/../../../../arm-none-eabi/lib/armv7-m\libg_nano.a(lib_a-init.o)
                0x000014e0                __libc_init_array
 .text.memcpy   0x0000152c       0x16 c:/program files (x86)/cypress/psoc creator/4.3/psoc creator/import/gnu/arm/5.4.1/bin/../lib/gcc/arm-none-eabi/5.4.1/../../../../arm-none-eabi/lib/armv7-m\libg_nano.a(lib_a-memcpy-stub.o)
                0x0000152c                memcpy
 .text.memset   0x00001542       0x10 c:/program files (x86)/cypress/psoc creator/4.3/psoc creator/import/gnu/arm/5.4.1/bin/../lib/gcc/arm-none-eabi/5.4.1/../../../../arm-none-eabi/lib/armv7-m\libg_nano.a(lib_a-memset.o)
                0x00001542                memset
 *(.plt)
 *(.gnu.warning)
 *(.glue_7t)
 .glue_7t       0x00001552        0x0 linker stubs
 *(.glue_7)
 .glue_7        0x00001552        0x0 linker stubs
 *(.vfp11_veneer)
 .vfp11_veneer  0x00001552        0x0 linker stubs
 *(.bootloader)
 *(.ARM.extab* .gnu.linkonce.armextab.*)
 *(.gcc_except_table)

.v4_bx          0x00001554        0x0
 .v4_bx         0x00001554        0x0 linker stubs

.iplt           0x00001554        0x0
 .iplt          0x00001554        0x0 c:/program files (x86)/cypress/psoc creator/4.3/psoc creator/import/gnu/arm/5.4.1/bin/../lib/gcc/arm-none-eabi/5.4.1/armv7-m/crtbegin.o

.eh_frame_hdr
 *(.eh_frame_hdr)

.eh_frame       0x00001554        0x4
 *(.eh_frame)
 .eh_frame      0x00001554        0x0 c:/program files (x86)/cypress/psoc creator/4.3/psoc creator/import/gnu/arm/5.4.1/bin/../lib/gcc/arm-none-eabi/5.4.1/armv7-m/crtbegin.o
 .eh_frame      0x00001554        0x4 c:/program files (x86)/cypress/psoc creator/4.3/psoc creator/import/gnu/arm/5.4.1/bin/../lib/gcc/arm-none-eabi/5.4.1/armv7-m/crtend.o
                [!provide]                PROVIDE (__exidx_start, .)

.ARM.exidx
 *(.ARM.exidx* .gnu.linkonce.armexidx.*)
                0x00001558                __exidx_end = .

.rodata         0x00001558       0xe8
 *(.rodata .rodata.* .gnu.linkonce.r.*)
 .rodata        0x00001558       0x3c .\CortexM3\ARM_GCC_541\Debug\cyfitter_cfg.o
 .rodata.str1.4
                0x00001594       0x30 .\CortexM3\ARM_GCC_541\Debug\Lab04_Game.a(REFRESH_ISR.o)
                                 0x2d (size before relaxing)
 .rodata        0x000015c4       0x40 .\CortexM3\ARM_GCC_541\Debug\Lab04_Game.a(LCD_CustChars.o)
                0x000015c4                LCD_customFonts
 .rodata.str1.1
                0x00001604        0x2 c:/program files (x86)/cypress/psoc creator/4.3/psoc creator/import/gnu/arm/5.4.1/bin/../lib/gcc/arm-none-eabi/5.4.1/../../../../arm-none-eabi/lib/armv7-m\libg_nano.a(lib_a-impure.o)
                0x00001608                . = ALIGN (0x4)
 *fill*         0x00001606        0x2 
 *(.init)
 .init          0x00001608        0x4 c:/program files (x86)/cypress/psoc creator/4.3/psoc creator/import/gnu/arm/5.4.1/bin/../lib/gcc/arm-none-eabi/5.4.1/armv7-m/crti.o
                0x00001608                _init
 .init          0x0000160c        0x8 c:/program files (x86)/cypress/psoc creator/4.3/psoc creator/import/gnu/arm/5.4.1/bin/../lib/gcc/arm-none-eabi/5.4.1/armv7-m/crtn.o
                0x00001614                . = ALIGN (0x4)
                0x00001614                __preinit_array_start = .
 *(.preinit_array)
                0x00001614                __preinit_array_end = .
                0x00001614                . = ALIGN (0x4)
                0x00001614                __init_array_start = .
 *(SORT(.init_array.*))
 *(.init_array)
 .init_array    0x00001614        0x4 c:/program files (x86)/cypress/psoc creator/4.3/psoc creator/import/gnu/arm/5.4.1/bin/../lib/gcc/arm-none-eabi/5.4.1/armv7-m/crtbegin.o
 .init_array    0x00001618        0x4 .\CortexM3\ARM_GCC_541\Debug\Cm3Start.o
                0x0000161c                __init_array_end = .
                0x0000161c                . = ALIGN (0x4)
 *(.fini)
 .fini          0x0000161c        0x4 c:/program files (x86)/cypress/psoc creator/4.3/psoc creator/import/gnu/arm/5.4.1/bin/../lib/gcc/arm-none-eabi/5.4.1/armv7-m/crti.o
                0x0000161c                _fini
 .fini          0x00001620        0x8 c:/program files (x86)/cypress/psoc creator/4.3/psoc creator/import/gnu/arm/5.4.1/bin/../lib/gcc/arm-none-eabi/5.4.1/armv7-m/crtn.o
                0x00001628                . = ALIGN (0x4)
                0x00001628                __fini_array_start = .
 *(.fini_array)
 .fini_array    0x00001628        0x4 c:/program files (x86)/cypress/psoc creator/4.3/psoc creator/import/gnu/arm/5.4.1/bin/../lib/gcc/arm-none-eabi/5.4.1/armv7-m/crtbegin.o
 *(SORT(.fini_array.*))
                0x0000162c                __fini_array_end = .
                0x0000162c                . = ALIGN (0x4)
 *crtbegin.o(.ctors)
 *(EXCLUDE_FILE(*crtend.o) .ctors)
 *(SORT(.ctors.*))
 *crtend.o(.ctors)
                0x0000162c                . = ALIGN (0x4)
 *crtbegin.o(.dtors)
 *(EXCLUDE_FILE(*crtend.o) .dtors)
 *(SORT(.dtors.*))
 *crtend.o(.dtors)
                0x0000162c                . = ALIGN (0x4)
                0x0000162c                __cy_regions = .
                0x0000162c        0x4 LONG 0x1640 __cy_region_init_ram
                0x00001630        0x4 LONG 0x1fff80c8 __cy_region_start_data
                0x00001634        0x4 LONG 0xa8 __cy_region_init_size_ram
                0x00001638        0x4 LONG 0x40 __cy_region_zero_size_ram
                0x0000163c                __cy_regions_end = .
                0x00001640                . = ALIGN (0x8)
 *fill*         0x0000163c        0x4 
                0x00001640                _etext = .

.cy_checksum_exclude
                0x00001640        0x0
 *(.cy_checksum_exclude)

.ramvectors     0x1fff8000       0xc0
                0x1fff8000                __cy_region_start_ram = .
 *(.ramvectors)
 .ramvectors    0x1fff8000       0xc0 .\CortexM3\ARM_GCC_541\Debug\Cm3Start.o
                0x1fff8000                CyRamVectors

.noinit         0x1fff80c0        0x1
 *(.noinit)
 .noinit        0x1fff80c0        0x1 .\CortexM3\ARM_GCC_541\Debug\Lab04_Game.a(CyLib.o)
                0x1fff80c0                CyResetStatus

.data           0x1fff80c8       0xa8 load address 0x00001640
                0x1fff80c8                __cy_region_start_data = .
 *(.jcr)
 .jcr           0x1fff80c8        0x0 c:/program files (x86)/cypress/psoc creator/4.3/psoc creator/import/gnu/arm/5.4.1/bin/../lib/gcc/arm-none-eabi/5.4.1/armv7-m/crtbegin.o
 .jcr           0x1fff80c8        0x4 c:/program files (x86)/cypress/psoc creator/4.3/psoc creator/import/gnu/arm/5.4.1/bin/../lib/gcc/arm-none-eabi/5.4.1/armv7-m/crtend.o
 *(.got.plt)
 *(.got)
 *(.shdata)
 *(.data .data.* .gnu.linkonce.d.*)
 .data          0x1fff80cc       0x2a .\CortexM3\ARM_GCC_541\Debug\Lab04_Game.a(REFRESH_ISR.o)
                0x1fff80cc                Obstacle1Col
                0x1fff80d0                Obstacle2Col
                0x1fff80d4                Obstacle2Row
                0x1fff80d8                Obstacle3Col
                0x1fff80dc                Obstacle4Col
                0x1fff80e0                Obstacle4Row
                0x1fff80e4                Obstacle5Col
                0x1fff80e8                Obstacle6Col
                0x1fff80ec                Obstacle6Row
                0x1fff80f0                lives
                0x1fff80f4                Obstacle
                0x1fff80f5                Obstacle2
 *fill*         0x1fff80f6        0x2 
 .data          0x1fff80f8       0x10 .\CortexM3\ARM_GCC_541\Debug\Lab04_Game.a(CyLib.o)
                0x1fff80f8                cydelay_32k_ms
                0x1fff80fc                cydelay_freq_khz
                0x1fff8100                cydelay_freq_mhz
                0x1fff8104                cydelay_freq_hz
 .data.impure_data
                0x1fff8108       0x60 c:/program files (x86)/cypress/psoc creator/4.3/psoc creator/import/gnu/arm/5.4.1/bin/../lib/gcc/arm-none-eabi/5.4.1/../../../../arm-none-eabi/lib/armv7-m\libg_nano.a(lib_a-impure.o)
 .data._impure_ptr
                0x1fff8168        0x4 c:/program files (x86)/cypress/psoc creator/4.3/psoc creator/import/gnu/arm/5.4.1/bin/../lib/gcc/arm-none-eabi/5.4.1/../../../../arm-none-eabi/lib/armv7-m\libg_nano.a(lib_a-impure.o)
                0x1fff8168                _impure_ptr
                0x1fff8170                . = ALIGN (0x8)
 *fill*         0x1fff816c        0x4 
 *(.ram)
                0x1fff8170                _edata = .

.igot.plt       0x1fff8170        0x0 load address 0x000016e8
 .igot.plt      0x1fff8170        0x0 c:/program files (x86)/cypress/psoc creator/4.3/psoc creator/import/gnu/arm/5.4.1/bin/../lib/gcc/arm-none-eabi/5.4.1/armv7-m/crtbegin.o

.bss            0x1fff8170       0x40 load address 0x000016e8
                0x1fff8170                PROVIDE (__bss_start__, .)
 *(.shbss)
 *(.bss .bss.* .gnu.linkonce.b.*)
 .bss           0x1fff8170       0x1c c:/program files (x86)/cypress/psoc creator/4.3/psoc creator/import/gnu/arm/5.4.1/bin/../lib/gcc/arm-none-eabi/5.4.1/armv7-m/crtbegin.o
 .bss           0x1fff818c        0x1 .\CortexM3\ARM_GCC_541\Debug\Lab04_Game.a(Refresh_Timer.o)
                0x1fff818c                Refresh_Timer_initVar
 *fill*         0x1fff818d        0x3 
 .bss           0x1fff8190       0x11 .\CortexM3\ARM_GCC_541\Debug\Lab04_Game.a(REFRESH_ISR.o)
                0x1fff8190                Obstacle1Row
                0x1fff8194                Obstacle3Row
                0x1fff8198                Obstacle5Row
                0x1fff819c                CharacterPos
                0x1fff81a0                Player
 .bss           0x1fff81a1        0x1 .\CortexM3\ARM_GCC_541\Debug\Lab04_Game.a(PWM.o)
                0x1fff81a1                PWM_initVar
 .bss           0x1fff81a2        0x2 .\CortexM3\ARM_GCC_541\Debug\Lab04_Game.a(LCD.o)
                0x1fff81a2                LCD_enableState
                0x1fff81a3                LCD_initVar
 .bss           0x1fff81a4        0x1 .\CortexM3\ARM_GCC_541\Debug\Lab04_Game.a(PRS.o)
                0x1fff81a4                PRS_initVar
 *(COMMON)
 *fill*         0x1fff81a5        0x3 
 COMMON         0x1fff81a8        0x8 .\CortexM3\ARM_GCC_541\Debug\Lab04_Game.a(REFRESH_ISR.o)
                0x1fff81a8                random
                0x1fff81ac                period
                0x1fff81b0                . = ALIGN (0x8)
 *(.ram.b)
                0x1fff81b0                _end = .
                0x1fff81b0                __end = .
                0x1fff81b0                PROVIDE (end, .)
                0x1fff81b0                PROVIDE (__bss_end__, .)
                0x00001640                __cy_region_init_ram = LOADADDR (.data)
                0x000000a8                __cy_region_init_size_ram = (_edata - ADDR (.data))
                0x00000040                __cy_region_zero_size_ram = (_end - _edata)

.heap           0x1fff81b0       0x80 load address 0x000016e8
                0x1fff81b0                . = _end
                0x1fff8230                . = (. + 0x80)
 *fill*         0x1fff81b0       0x80 
                0x1fff8230                __cy_heap_limit = .

.stack          0x20007800      0x800
                0x20007800                __cy_stack_limit = .
                0x20008000                . = (. + 0x800)
 *fill*         0x20007800      0x800 
                0x00000001                ASSERT ((__cy_stack_limit >= __cy_heap_limit), region RAM overflowed with stack)
                0x00000000                cy_checksum_exclude_size = (CY_APPL_LOADABLE == 0x1)?SIZEOF (.cy_checksum_exclude):0x0
                0x00000001                ASSERT ((cy_checksum_exclude_size <= CY_CHECKSUM_EXCLUDE_SIZE), CY_BOOT: Section .cy_checksum_exclude size exceedes specified limit.)

.cyloadermeta
 *(.cyloadermeta)

.cyloadablemeta
 *(.cyloadablemeta)

.cyconfigecc    0x80000000       0xe8
 *(.cyconfigecc)
 .cyconfigecc   0x80000000       0xe8 .\CortexM3\ARM_GCC_541\Debug\cymetadata.o
                0x80000000                cy_meta_configecc

.cycustnvl      0x90000000        0x4
 *(.cycustnvl)
 .cycustnvl     0x90000000        0x4 .\CortexM3\ARM_GCC_541\Debug\cymetadata.o
                0x90000000                cy_meta_custnvl

.cywolatch      0x90100000        0x4
 *(.cywolatch)
 .cywolatch     0x90100000        0x4 .\CortexM3\ARM_GCC_541\Debug\cymetadata.o
                0x90100000                cy_meta_wonvl

.cyeeprom       0x90200000        0x0
 *(.cyeeprom)
                0x00000001                ASSERT ((. <= ((0x90200000 + ee_offset) + ee_size)), .cyeeprom data will not fit in EEPROM)

.cyflashprotect
                0x90400000      0x100
 *(.cyflashprotect)
 .cyflashprotect
                0x90400000      0x100 .\CortexM3\ARM_GCC_541\Debug\cymetadata.o
                0x90400000                cy_meta_flashprotect

.cymeta         0x90500000        0xc
 *(.cymeta)
 .cymeta        0x90500000        0xc .\CortexM3\ARM_GCC_541\Debug\cymetadata.o
                0x90500000                cy_metadata

.rel.dyn        0x000016e8        0x0 load address 0x9050000c
 .rel.iplt      0x000016e8        0x0 c:/program files (x86)/cypress/psoc creator/4.3/psoc creator/import/gnu/arm/5.4.1/bin/../lib/gcc/arm-none-eabi/5.4.1/armv7-m/crtbegin.o

.stab
 *(.stab)

.stabstr
 *(.stabstr)

.debug
 *(.debug)

.line
 *(.line)

.debug_srcinfo
 *(.debug_srcinfo)

.debug_sfnames
 *(.debug_sfnames)

.debug_aranges  0x00000000      0x898
 *(.debug_aranges)
 .debug_aranges
                0x00000000       0x20 .\CortexM3\ARM_GCC_541\Debug\main.o
 .debug_aranges
                0x00000020       0x58 .\CortexM3\ARM_GCC_541\Debug\cyfitter_cfg.o
 .debug_aranges
                0x00000078       0x18 .\CortexM3\ARM_GCC_541\Debug\cymetadata.o
 .debug_aranges
                0x00000090       0x48 .\CortexM3\ARM_GCC_541\Debug\Cm3Start.o
 .debug_aranges
                0x000000d8       0x88 .\CortexM3\ARM_GCC_541\Debug\Lab04_Game.a(Refresh_Timer.o)
 .debug_aranges
                0x00000160       0x80 .\CortexM3\ARM_GCC_541\Debug\Lab04_Game.a(REFRESH_ISR.o)
 .debug_aranges
                0x000001e0       0x78 .\CortexM3\ARM_GCC_541\Debug\Lab04_Game.a(PWM.o)
 .debug_aranges
                0x00000258       0x98 .\CortexM3\ARM_GCC_541\Debug\Lab04_Game.a(LCD.o)
 .debug_aranges
                0x000002f0       0x20 .\CortexM3\ARM_GCC_541\Debug\Lab04_Game.a(LCD_CustChars.o)
 .debug_aranges
                0x00000310       0x80 .\CortexM3\ARM_GCC_541\Debug\Lab04_Game.a(CONTROL_ISR.o)
 .debug_aranges
                0x00000390      0x2a0 .\CortexM3\ARM_GCC_541\Debug\Lab04_Game.a(CyLib.o)
 .debug_aranges
                0x00000630       0x98 .\CortexM3\ARM_GCC_541\Debug\Lab04_Game.a(cyPm.o)
 .debug_aranges
                0x000006c8       0x60 .\CortexM3\ARM_GCC_541\Debug\Lab04_Game.a(PRS.o)
 .debug_aranges
                0x00000728       0x20 .\CortexM3\ARM_GCC_541\Debug\Lab04_Game.a(CyBootAsmGnu.o)
 .debug_aranges
                0x00000748       0x48 .\CortexM3\ARM_GCC_541\Debug\Lab04_Game.a(Control.o)
 .debug_aranges
                0x00000790       0x88 .\CortexM3\ARM_GCC_541\Debug\Lab04_Game.a(CyFlash.o)
 .debug_aranges
                0x00000818       0x80 .\CortexM3\ARM_GCC_541\Debug\Lab04_Game.a(CySpc.o)

.debug_pubnames
 *(.debug_pubnames)

.debug_info     0x00000000     0x502f
 *(.debug_info .gnu.linkonce.wi.*)
 .debug_info    0x00000000      0x179 .\CortexM3\ARM_GCC_541\Debug\main.o
 .debug_info    0x00000179      0x4c9 .\CortexM3\ARM_GCC_541\Debug\cyfitter_cfg.o
 .debug_info    0x00000642      0x134 .\CortexM3\ARM_GCC_541\Debug\cymetadata.o
 .debug_info    0x00000776      0x3bb .\CortexM3\ARM_GCC_541\Debug\Cm3Start.o
 .debug_info    0x00000b31      0x295 .\CortexM3\ARM_GCC_541\Debug\Lab04_Game.a(Refresh_Timer.o)
 .debug_info    0x00000dc6      0x66e .\CortexM3\ARM_GCC_541\Debug\Lab04_Game.a(REFRESH_ISR.o)
 .debug_info    0x00001434      0x281 .\CortexM3\ARM_GCC_541\Debug\Lab04_Game.a(PWM.o)
 .debug_info    0x000016b5      0x752 .\CortexM3\ARM_GCC_541\Debug\Lab04_Game.a(LCD.o)
 .debug_info    0x00001e07      0x159 .\CortexM3\ARM_GCC_541\Debug\Lab04_Game.a(LCD_CustChars.o)
 .debug_info    0x00001f60      0x318 .\CortexM3\ARM_GCC_541\Debug\Lab04_Game.a(CONTROL_ISR.o)
 .debug_info    0x00002278     0x1374 .\CortexM3\ARM_GCC_541\Debug\Lab04_Game.a(CyLib.o)
 .debug_info    0x000035ec      0xa2a .\CortexM3\ARM_GCC_541\Debug\Lab04_Game.a(cyPm.o)
 .debug_info    0x00004016      0x28f .\CortexM3\ARM_GCC_541\Debug\Lab04_Game.a(PRS.o)
 .debug_info    0x000042a5       0x79 .\CortexM3\ARM_GCC_541\Debug\Lab04_Game.a(CyBootAsmGnu.o)
 .debug_info    0x0000431e      0x174 .\CortexM3\ARM_GCC_541\Debug\Lab04_Game.a(Control.o)
 .debug_info    0x00004492      0x64d .\CortexM3\ARM_GCC_541\Debug\Lab04_Game.a(CyFlash.o)
 .debug_info    0x00004adf      0x550 .\CortexM3\ARM_GCC_541\Debug\Lab04_Game.a(CySpc.o)

.debug_abbrev   0x00000000     0x15ab
 *(.debug_abbrev)
 .debug_abbrev  0x00000000       0xc1 .\CortexM3\ARM_GCC_541\Debug\main.o
 .debug_abbrev  0x000000c1      0x1fe .\CortexM3\ARM_GCC_541\Debug\cyfitter_cfg.o
 .debug_abbrev  0x000002bf       0x5d .\CortexM3\ARM_GCC_541\Debug\cymetadata.o
 .debug_abbrev  0x0000031c      0x1e8 .\CortexM3\ARM_GCC_541\Debug\Cm3Start.o
 .debug_abbrev  0x00000504      0x11a .\CortexM3\ARM_GCC_541\Debug\Lab04_Game.a(Refresh_Timer.o)
 .debug_abbrev  0x0000061e      0x17b .\CortexM3\ARM_GCC_541\Debug\Lab04_Game.a(REFRESH_ISR.o)
 .debug_abbrev  0x00000799      0x12d .\CortexM3\ARM_GCC_541\Debug\Lab04_Game.a(PWM.o)
 .debug_abbrev  0x000008c6      0x168 .\CortexM3\ARM_GCC_541\Debug\Lab04_Game.a(LCD.o)
 .debug_abbrev  0x00000a2e       0xe2 .\CortexM3\ARM_GCC_541\Debug\Lab04_Game.a(LCD_CustChars.o)
 .debug_abbrev  0x00000b10      0x17d .\CortexM3\ARM_GCC_541\Debug\Lab04_Game.a(CONTROL_ISR.o)
 .debug_abbrev  0x00000c8d      0x254 .\CortexM3\ARM_GCC_541\Debug\Lab04_Game.a(CyLib.o)
 .debug_abbrev  0x00000ee1      0x1ab .\CortexM3\ARM_GCC_541\Debug\Lab04_Game.a(cyPm.o)
 .debug_abbrev  0x0000108c      0x140 .\CortexM3\ARM_GCC_541\Debug\Lab04_Game.a(PRS.o)
 .debug_abbrev  0x000011cc       0x14 .\CortexM3\ARM_GCC_541\Debug\Lab04_Game.a(CyBootAsmGnu.o)
 .debug_abbrev  0x000011e0       0x90 .\CortexM3\ARM_GCC_541\Debug\Lab04_Game.a(Control.o)
 .debug_abbrev  0x00001270      0x1a7 .\CortexM3\ARM_GCC_541\Debug\Lab04_Game.a(CyFlash.o)
 .debug_abbrev  0x00001417      0x194 .\CortexM3\ARM_GCC_541\Debug\Lab04_Game.a(CySpc.o)

.debug_line     0x00000000     0x214a
 *(.debug_line)
 .debug_line    0x00000000      0x1b3 .\CortexM3\ARM_GCC_541\Debug\main.o
 .debug_line    0x000001b3      0x1db .\CortexM3\ARM_GCC_541\Debug\cyfitter_cfg.o
 .debug_line    0x0000038e      0x141 .\CortexM3\ARM_GCC_541\Debug\cymetadata.o
 .debug_line    0x000004cf      0x234 .\CortexM3\ARM_GCC_541\Debug\Cm3Start.o
 .debug_line    0x00000703      0x15b .\CortexM3\ARM_GCC_541\Debug\Lab04_Game.a(Refresh_Timer.o)
 .debug_line    0x0000085e      0x1e1 .\CortexM3\ARM_GCC_541\Debug\Lab04_Game.a(REFRESH_ISR.o)
 .debug_line    0x00000a3f      0x131 .\CortexM3\ARM_GCC_541\Debug\Lab04_Game.a(PWM.o)
 .debug_line    0x00000b70      0x1e6 .\CortexM3\ARM_GCC_541\Debug\Lab04_Game.a(LCD.o)
 .debug_line    0x00000d56       0x83 .\CortexM3\ARM_GCC_541\Debug\Lab04_Game.a(LCD_CustChars.o)
 .debug_line    0x00000dd9      0x14b .\CortexM3\ARM_GCC_541\Debug\Lab04_Game.a(CONTROL_ISR.o)
 .debug_line    0x00000f24      0x816 .\CortexM3\ARM_GCC_541\Debug\Lab04_Game.a(CyLib.o)
 .debug_line    0x0000173a      0x367 .\CortexM3\ARM_GCC_541\Debug\Lab04_Game.a(cyPm.o)
 .debug_line    0x00001aa1      0x10e .\CortexM3\ARM_GCC_541\Debug\Lab04_Game.a(PRS.o)
 .debug_line    0x00001baf       0x66 .\CortexM3\ARM_GCC_541\Debug\Lab04_Game.a(CyBootAsmGnu.o)
 .debug_line    0x00001c15       0xbb .\CortexM3\ARM_GCC_541\Debug\Lab04_Game.a(Control.o)
 .debug_line    0x00001cd0      0x21a .\CortexM3\ARM_GCC_541\Debug\Lab04_Game.a(CyFlash.o)
 .debug_line    0x00001eea      0x260 .\CortexM3\ARM_GCC_541\Debug\Lab04_Game.a(CySpc.o)

.debug_frame    0x00000000     0x1628
 *(.debug_frame)
 .debug_frame   0x00000000       0x2c .\CortexM3\ARM_GCC_541\Debug\main.o
 .debug_frame   0x0000002c       0xe4 .\CortexM3\ARM_GCC_541\Debug\cyfitter_cfg.o
 .debug_frame   0x00000110       0xb8 .\CortexM3\ARM_GCC_541\Debug\Cm3Start.o
 .debug_frame   0x000001c8      0x108 .\CortexM3\ARM_GCC_541\Debug\Lab04_Game.a(Refresh_Timer.o)
 .debug_frame   0x000002d0      0x114 .\CortexM3\ARM_GCC_541\Debug\Lab04_Game.a(REFRESH_ISR.o)
 .debug_frame   0x000003e4       0xe8 .\CortexM3\ARM_GCC_541\Debug\Lab04_Game.a(PWM.o)
 .debug_frame   0x000004cc      0x1e8 .\CortexM3\ARM_GCC_541\Debug\Lab04_Game.a(LCD.o)
 .debug_frame   0x000006b4       0x30 .\CortexM3\ARM_GCC_541\Debug\Lab04_Game.a(LCD_CustChars.o)
 .debug_frame   0x000006e4      0x110 .\CortexM3\ARM_GCC_541\Debug\Lab04_Game.a(CONTROL_ISR.o)
 .debug_frame   0x000007f4      0x738 .\CortexM3\ARM_GCC_541\Debug\Lab04_Game.a(CyLib.o)
 .debug_frame   0x00000f2c      0x1f8 .\CortexM3\ARM_GCC_541\Debug\Lab04_Game.a(cyPm.o)
 .debug_frame   0x00001124       0xc4 .\CortexM3\ARM_GCC_541\Debug\Lab04_Game.a(PRS.o)
 .debug_frame   0x000011e8       0x70 .\CortexM3\ARM_GCC_541\Debug\Lab04_Game.a(Control.o)
 .debug_frame   0x00001258      0x194 .\CortexM3\ARM_GCC_541\Debug\Lab04_Game.a(CyFlash.o)
 .debug_frame   0x000013ec      0x180 .\CortexM3\ARM_GCC_541\Debug\Lab04_Game.a(CySpc.o)
 .debug_frame   0x0000156c       0x20 c:/program files (x86)/cypress/psoc creator/4.3/psoc creator/import/gnu/arm/5.4.1/bin/../lib/gcc/arm-none-eabi/5.4.1/../../../../arm-none-eabi/lib/armv7-m\libg_nano.a(lib_a-errno.o)
 .debug_frame   0x0000158c       0x28 c:/program files (x86)/cypress/psoc creator/4.3/psoc creator/import/gnu/arm/5.4.1/bin/../lib/gcc/arm-none-eabi/5.4.1/../../../../arm-none-eabi/lib/armv7-m\libg_nano.a(lib_a-exit.o)
 .debug_frame   0x000015b4       0x2c c:/program files (x86)/cypress/psoc creator/4.3/psoc creator/import/gnu/arm/5.4.1/bin/../lib/gcc/arm-none-eabi/5.4.1/../../../../arm-none-eabi/lib/armv7-m\libg_nano.a(lib_a-init.o)
 .debug_frame   0x000015e0       0x28 c:/program files (x86)/cypress/psoc creator/4.3/psoc creator/import/gnu/arm/5.4.1/bin/../lib/gcc/arm-none-eabi/5.4.1/../../../../arm-none-eabi/lib/armv7-m\libg_nano.a(lib_a-memcpy-stub.o)
 .debug_frame   0x00001608       0x20 c:/program files (x86)/cypress/psoc creator/4.3/psoc creator/import/gnu/arm/5.4.1/bin/../lib/gcc/arm-none-eabi/5.4.1/../../../../arm-none-eabi/lib/armv7-m\libg_nano.a(lib_a-memset.o)

.debug_str      0x00000000     0x1c1d
 *(.debug_str)
 .debug_str     0x00000000      0x1bd .\CortexM3\ARM_GCC_541\Debug\main.o
                                0x205 (size before relaxing)
 .debug_str     0x000001bd      0x181 .\CortexM3\ARM_GCC_541\Debug\cyfitter_cfg.o
                                0x2f8 (size before relaxing)
 .debug_str     0x0000033e       0x7f .\CortexM3\ARM_GCC_541\Debug\cymetadata.o
                                0x1cd (size before relaxing)
 .debug_str     0x000003bd      0x144 .\CortexM3\ARM_GCC_541\Debug\Cm3Start.o
                                0x2f3 (size before relaxing)
 .debug_str     0x00000501      0x1ce .\CortexM3\ARM_GCC_541\Debug\Lab04_Game.a(Refresh_Timer.o)
                                0x35e (size before relaxing)
 .debug_str     0x000006cf      0x279 .\CortexM3\ARM_GCC_541\Debug\Lab04_Game.a(REFRESH_ISR.o)
                                0x47e (size before relaxing)
 .debug_str     0x00000948       0xee .\CortexM3\ARM_GCC_541\Debug\Lab04_Game.a(PWM.o)
                                0x29a (size before relaxing)
 .debug_str     0x00000a36      0x132 .\CortexM3\ARM_GCC_541\Debug\Lab04_Game.a(LCD.o)
                                0x338 (size before relaxing)
 .debug_str     0x00000b68       0x32 .\CortexM3\ARM_GCC_541\Debug\Lab04_Game.a(LCD_CustChars.o)
                                0x1e7 (size before relaxing)
 .debug_str     0x00000b9a      0x14c .\CortexM3\ARM_GCC_541\Debug\Lab04_Game.a(CONTROL_ISR.o)
                                0x314 (size before relaxing)
 .debug_str     0x00000ce6      0x81b .\CortexM3\ARM_GCC_541\Debug\Lab04_Game.a(CyLib.o)
                                0xa30 (size before relaxing)
 .debug_str     0x00001501      0x365 .\CortexM3\ARM_GCC_541\Debug\Lab04_Game.a(cyPm.o)
                                0x71c (size before relaxing)
 .debug_str     0x00001866       0xcb .\CortexM3\ARM_GCC_541\Debug\Lab04_Game.a(PRS.o)
                                0x293 (size before relaxing)
 .debug_str     0x00001931       0x85 .\CortexM3\ARM_GCC_541\Debug\Lab04_Game.a(Control.o)
                                0x215 (size before relaxing)
 .debug_str     0x000019b6      0x1bb .\CortexM3\ARM_GCC_541\Debug\Lab04_Game.a(CyFlash.o)
                                0x3a9 (size before relaxing)
 .debug_str     0x00001b71       0xac .\CortexM3\ARM_GCC_541\Debug\Lab04_Game.a(CySpc.o)
                                0x321 (size before relaxing)

.debug_loc      0x00000000     0x1f55
 *(.debug_loc)
 .debug_loc     0x00000000      0x1d7 .\CortexM3\ARM_GCC_541\Debug\cyfitter_cfg.o
 .debug_loc     0x000001d7      0x144 .\CortexM3\ARM_GCC_541\Debug\Cm3Start.o
 .debug_loc     0x0000031b       0x56 .\CortexM3\ARM_GCC_541\Debug\Lab04_Game.a(REFRESH_ISR.o)
 .debug_loc     0x00000371       0x13 .\CortexM3\ARM_GCC_541\Debug\Lab04_Game.a(PWM.o)
 .debug_loc     0x00000384      0x3c6 .\CortexM3\ARM_GCC_541\Debug\Lab04_Game.a(LCD.o)
 .debug_loc     0x0000074a       0x48 .\CortexM3\ARM_GCC_541\Debug\Lab04_Game.a(LCD_CustChars.o)
 .debug_loc     0x00000792       0x56 .\CortexM3\ARM_GCC_541\Debug\Lab04_Game.a(CONTROL_ISR.o)
 .debug_loc     0x000007e8      0xa11 .\CortexM3\ARM_GCC_541\Debug\Lab04_Game.a(CyLib.o)
 .debug_loc     0x000011f9      0x1e4 .\CortexM3\ARM_GCC_541\Debug\Lab04_Game.a(cyPm.o)
 .debug_loc     0x000013dd       0x3d .\CortexM3\ARM_GCC_541\Debug\Lab04_Game.a(PRS.o)
 .debug_loc     0x0000141a       0x84 .\CortexM3\ARM_GCC_541\Debug\Lab04_Game.a(Control.o)
 .debug_loc     0x0000149e      0x3b2 .\CortexM3\ARM_GCC_541\Debug\Lab04_Game.a(CyFlash.o)
 .debug_loc     0x00001850      0x705 .\CortexM3\ARM_GCC_541\Debug\Lab04_Game.a(CySpc.o)

.debug_macinfo
 *(.debug_macinfo)

.debug_ranges   0x00000000      0x770
 *(.debug_ranges)
 .debug_ranges  0x00000000       0x10 .\CortexM3\ARM_GCC_541\Debug\main.o
 .debug_ranges  0x00000010       0x48 .\CortexM3\ARM_GCC_541\Debug\cyfitter_cfg.o
 .debug_ranges  0x00000058       0x38 .\CortexM3\ARM_GCC_541\Debug\Cm3Start.o
 .debug_ranges  0x00000090       0x78 .\CortexM3\ARM_GCC_541\Debug\Lab04_Game.a(Refresh_Timer.o)
 .debug_ranges  0x00000108       0x70 .\CortexM3\ARM_GCC_541\Debug\Lab04_Game.a(REFRESH_ISR.o)
 .debug_ranges  0x00000178       0x68 .\CortexM3\ARM_GCC_541\Debug\Lab04_Game.a(PWM.o)
 .debug_ranges  0x000001e0       0x88 .\CortexM3\ARM_GCC_541\Debug\Lab04_Game.a(LCD.o)
 .debug_ranges  0x00000268       0x10 .\CortexM3\ARM_GCC_541\Debug\Lab04_Game.a(LCD_CustChars.o)
 .debug_ranges  0x00000278       0x70 .\CortexM3\ARM_GCC_541\Debug\Lab04_Game.a(CONTROL_ISR.o)
 .debug_ranges  0x000002e8      0x290 .\CortexM3\ARM_GCC_541\Debug\Lab04_Game.a(CyLib.o)
 .debug_ranges  0x00000578       0x88 .\CortexM3\ARM_GCC_541\Debug\Lab04_Game.a(cyPm.o)
 .debug_ranges  0x00000600       0x50 .\CortexM3\ARM_GCC_541\Debug\Lab04_Game.a(PRS.o)
 .debug_ranges  0x00000650       0x38 .\CortexM3\ARM_GCC_541\Debug\Lab04_Game.a(Control.o)
 .debug_ranges  0x00000688       0x78 .\CortexM3\ARM_GCC_541\Debug\Lab04_Game.a(CyFlash.o)
 .debug_ranges  0x00000700       0x70 .\CortexM3\ARM_GCC_541\Debug\Lab04_Game.a(CySpc.o)

.comment        0x00000000       0x6e
 .comment       0x00000000       0x6e .\CortexM3\ARM_GCC_541\Debug\main.o
                                 0x6f (size before relaxing)
 .comment       0x0000006e       0x6f .\CortexM3\ARM_GCC_541\Debug\cyfitter_cfg.o
 .comment       0x0000006e       0x6f .\CortexM3\ARM_GCC_541\Debug\cymetadata.o
 .comment       0x0000006e       0x6f .\CortexM3\ARM_GCC_541\Debug\Cm3Start.o
 .comment       0x0000006e       0x6f .\CortexM3\ARM_GCC_541\Debug\Lab04_Game.a(Refresh_Timer.o)
 .comment       0x0000006e       0x6f .\CortexM3\ARM_GCC_541\Debug\Lab04_Game.a(REFRESH_ISR.o)
 .comment       0x0000006e       0x6f .\CortexM3\ARM_GCC_541\Debug\Lab04_Game.a(PWM.o)
 .comment       0x0000006e       0x6f .\CortexM3\ARM_GCC_541\Debug\Lab04_Game.a(LCD.o)
 .comment       0x0000006e       0x6f .\CortexM3\ARM_GCC_541\Debug\Lab04_Game.a(LCD_CustChars.o)
 .comment       0x0000006e       0x6f .\CortexM3\ARM_GCC_541\Debug\Lab04_Game.a(CONTROL_ISR.o)
 .comment       0x0000006e       0x6f .\CortexM3\ARM_GCC_541\Debug\Lab04_Game.a(CyLib.o)
 .comment       0x0000006e       0x6f .\CortexM3\ARM_GCC_541\Debug\Lab04_Game.a(cyPm.o)
 .comment       0x0000006e       0x6f .\CortexM3\ARM_GCC_541\Debug\Lab04_Game.a(PRS.o)
 .comment       0x0000006e       0x6f .\CortexM3\ARM_GCC_541\Debug\Lab04_Game.a(Control.o)
 .comment       0x0000006e       0x6f .\CortexM3\ARM_GCC_541\Debug\Lab04_Game.a(CyFlash.o)
 .comment       0x0000006e       0x6f .\CortexM3\ARM_GCC_541\Debug\Lab04_Game.a(CySpc.o)

.debug_weaknames
 *(.debug_weaknames)

.debug_funcnames
 *(.debug_funcnames)

.debug_typenames
 *(.debug_typenames)

.debug_varnames
 *(.debug_varnames)

.note.gnu.arm.ident
 *(.note.gnu.arm.ident)

.ARM.attributes
                0x00000000       0x29
 *(.ARM.attributes)
 .ARM.attributes
                0x00000000       0x1d c:/program files (x86)/cypress/psoc creator/4.3/psoc creator/import/gnu/arm/5.4.1/bin/../lib/gcc/arm-none-eabi/5.4.1/armv7-m/crti.o
 .ARM.attributes
                0x0000001d       0x2d c:/program files (x86)/cypress/psoc creator/4.3/psoc creator/import/gnu/arm/5.4.1/bin/../lib/gcc/arm-none-eabi/5.4.1/armv7-m/crtbegin.o
 .ARM.attributes
                0x0000004a       0x1b c:/program files (x86)/cypress/psoc creator/4.3/psoc creator/import/gnu/arm/5.4.1/bin/../lib/gcc/arm-none-eabi/5.4.1/../../../../arm-none-eabi/lib/armv7-m/crt0.o
 .ARM.attributes
                0x00000065       0x33 .\CortexM3\ARM_GCC_541\Debug\main.o
 .ARM.attributes
                0x00000098       0x33 .\CortexM3\ARM_GCC_541\Debug\cyfitter_cfg.o
 .ARM.attributes
                0x000000cb       0x33 .\CortexM3\ARM_GCC_541\Debug\cymetadata.o
 .ARM.attributes
                0x000000fe       0x33 .\CortexM3\ARM_GCC_541\Debug\Cm3Start.o
 .ARM.attributes
                0x00000131       0x33 .\CortexM3\ARM_GCC_541\Debug\Lab04_Game.a(Refresh_Timer.o)
 .ARM.attributes
                0x00000164       0x33 .\CortexM3\ARM_GCC_541\Debug\Lab04_Game.a(REFRESH_ISR.o)
 .ARM.attributes
                0x00000197       0x33 .\CortexM3\ARM_GCC_541\Debug\Lab04_Game.a(PWM.o)
 .ARM.attributes
                0x000001ca       0x33 .\CortexM3\ARM_GCC_541\Debug\Lab04_Game.a(LCD.o)
 .ARM.attributes
                0x000001fd       0x33 .\CortexM3\ARM_GCC_541\Debug\Lab04_Game.a(LCD_CustChars.o)
 .ARM.attributes
                0x00000230       0x33 .\CortexM3\ARM_GCC_541\Debug\Lab04_Game.a(CONTROL_ISR.o)
 .ARM.attributes
                0x00000263       0x33 .\CortexM3\ARM_GCC_541\Debug\Lab04_Game.a(CyLib.o)
 .ARM.attributes
                0x00000296       0x33 .\CortexM3\ARM_GCC_541\Debug\Lab04_Game.a(cyPm.o)
 .ARM.attributes
                0x000002c9       0x33 .\CortexM3\ARM_GCC_541\Debug\Lab04_Game.a(PRS.o)
 .ARM.attributes
                0x000002fc       0x21 .\CortexM3\ARM_GCC_541\Debug\Lab04_Game.a(CyBootAsmGnu.o)
 .ARM.attributes
                0x0000031d       0x33 .\CortexM3\ARM_GCC_541\Debug\Lab04_Game.a(Control.o)
 .ARM.attributes
                0x00000350       0x33 .\CortexM3\ARM_GCC_541\Debug\Lab04_Game.a(CyFlash.o)
 .ARM.attributes
                0x00000383       0x33 .\CortexM3\ARM_GCC_541\Debug\Lab04_Game.a(CySpc.o)
 .ARM.attributes
                0x000003b6       0x1d c:/program files (x86)/cypress/psoc creator/4.3/psoc creator/import/gnu/arm/5.4.1/bin/../lib/gcc/arm-none-eabi/5.4.1/armv7-m\libgcc.a(_arm_addsubdf3.o)
 .ARM.attributes
                0x000003d3       0x1d c:/program files (x86)/cypress/psoc creator/4.3/psoc creator/import/gnu/arm/5.4.1/bin/../lib/gcc/arm-none-eabi/5.4.1/armv7-m\libgcc.a(_arm_muldivdf3.o)
 .ARM.attributes
                0x000003f0       0x1d c:/program files (x86)/cypress/psoc creator/4.3/psoc creator/import/gnu/arm/5.4.1/bin/../lib/gcc/arm-none-eabi/5.4.1/armv7-m\libgcc.a(_arm_fixunsdfsi.o)
 .ARM.attributes
                0x0000040d       0x2d c:/program files (x86)/cypress/psoc creator/4.3/psoc creator/import/gnu/arm/5.4.1/bin/../lib/gcc/arm-none-eabi/5.4.1/../../../../arm-none-eabi/lib/armv7-m\libg_nano.a(lib_a-errno.o)
 .ARM.attributes
                0x0000043a       0x2d c:/program files (x86)/cypress/psoc creator/4.3/psoc creator/import/gnu/arm/5.4.1/bin/../lib/gcc/arm-none-eabi/5.4.1/../../../../arm-none-eabi/lib/armv7-m\libg_nano.a(lib_a-exit.o)
 .ARM.attributes
                0x00000467       0x2d c:/program files (x86)/cypress/psoc creator/4.3/psoc creator/import/gnu/arm/5.4.1/bin/../lib/gcc/arm-none-eabi/5.4.1/../../../../arm-none-eabi/lib/armv7-m\libg_nano.a(lib_a-impure.o)
 .ARM.attributes
                0x00000494       0x2d c:/program files (x86)/cypress/psoc creator/4.3/psoc creator/import/gnu/arm/5.4.1/bin/../lib/gcc/arm-none-eabi/5.4.1/../../../../arm-none-eabi/lib/armv7-m\libg_nano.a(lib_a-init.o)
 .ARM.attributes
                0x000004c1       0x2d c:/program files (x86)/cypress/psoc creator/4.3/psoc creator/import/gnu/arm/5.4.1/bin/../lib/gcc/arm-none-eabi/5.4.1/../../../../arm-none-eabi/lib/armv7-m\libg_nano.a(lib_a-memcpy-stub.o)
 .ARM.attributes
                0x000004ee       0x2d c:/program files (x86)/cypress/psoc creator/4.3/psoc creator/import/gnu/arm/5.4.1/bin/../lib/gcc/arm-none-eabi/5.4.1/../../../../arm-none-eabi/lib/armv7-m\libg_nano.a(lib_a-memset.o)
 .ARM.attributes
                0x0000051b       0x2d c:/program files (x86)/cypress/psoc creator/4.3/psoc creator/import/gnu/arm/5.4.1/bin/../lib/gcc/arm-none-eabi/5.4.1/armv7-m/crtend.o
 .ARM.attributes
                0x00000548       0x1d c:/program files (x86)/cypress/psoc creator/4.3/psoc creator/import/gnu/arm/5.4.1/bin/../lib/gcc/arm-none-eabi/5.4.1/armv7-m/crtn.o

/DISCARD/
 *(.note.GNU-stack)
OUTPUT(C:\ECE381_Labs\Lab04_Game\Lab04_Game.cydsn\CortexM3\ARM_GCC_541\Debug\Lab04_Game.elf elf32-littlearm)
